Archive member included because of file (symbol)

c:/program files (x86)/gnu tools arm embedded/4.8 2014q3/bin/../lib/gcc/arm-none-eabi/4.8.4/armv7-m\libgcc.a(_arm_addsubdf3.o)
                              ..\obj\timer.o (__aeabi_i2d)
c:/program files (x86)/gnu tools arm embedded/4.8 2014q3/bin/../lib/gcc/arm-none-eabi/4.8.4/armv7-m\libgcc.a(_arm_muldivdf3.o)
                              ..\obj\timer.o (__aeabi_dmul)
c:/program files (x86)/gnu tools arm embedded/4.8 2014q3/bin/../lib/gcc/arm-none-eabi/4.8.4/armv7-m\libgcc.a(_arm_fixdfsi.o)
                              ..\obj\timer.o (__aeabi_d2iz)
c:/program files (x86)/gnu tools arm embedded/4.8 2014q3/bin/../lib/gcc/arm-none-eabi/4.8.4/armv7-m\libgcc.a(_arm_truncdfsf2.o)
                              ..\obj\dht22.o (__aeabi_d2f)
c:/program files (x86)/gnu tools arm embedded/4.8 2014q3/bin/../lib/gcc/arm-none-eabi/4.8.4/armv7-m\libgcc.a(_arm_addsubsf3.o)
                              ..\obj\bmp180.o (__aeabi_fsub)
c:/program files (x86)/gnu tools arm embedded/4.8 2014q3/bin/../lib/gcc/arm-none-eabi/4.8.4/armv7-m\libgcc.a(_arm_muldivsf3.o)
                              ..\obj\bmp180.o (__aeabi_fmul)
c:/program files (x86)/gnu tools arm embedded/4.8 2014q3/bin/../lib/gcc/arm-none-eabi/4.8.4/armv7-m\libgcc.a(_arm_fixsfsi.o)
                              ..\obj\bmp180.o (__aeabi_f2iz)
c:/program files (x86)/gnu tools arm embedded/4.8 2014q3/bin/../lib/gcc/arm-none-eabi/4.8.4/../../../../arm-none-eabi/lib/armv7-m\libg.a(lib_a-memcpy.o)
                              ..\obj\sim900a.o (memcpy)
c:/program files (x86)/gnu tools arm embedded/4.8 2014q3/bin/../lib/gcc/arm-none-eabi/4.8.4/../../../../arm-none-eabi/lib/armv7-m\libg.a(lib_a-memset.o)
                              ..\obj\sim900a.o (memset)
c:/program files (x86)/gnu tools arm embedded/4.8 2014q3/bin/../lib/gcc/arm-none-eabi/4.8.4/../../../../arm-none-eabi/lib/armv7-m\libg.a(lib_a-strlen.o)
                              ..\obj\sim900a.o (strlen)

Allocating common symbols
Common symbol       size              file

udah                0x1               ..\obj\main.o
DHT22_Buffer16      0x6               ..\obj\dht22.o
microseconds        0x4               ..\obj\main.o
menit               0x1               ..\obj\timer.o
encoder             0x2               ..\obj\timer.o
DHT22_Pin_GPIO_Config
                    0x4               ..\obj\dht22.o
Current_DHT22_Reading
                    0x10              ..\obj\main.o
I2CDMA_InitStructure
                    0x2c              ..\obj\i2c_dma.o
last_encoder        0x2               ..\obj\timer.o
humidTemp           0x2               ..\obj\dht22.o
i                   0x4               ..\obj\sim900a.o
Buffer_Rx1          0x16              ..\obj\bmp180.o
Address             0x1               ..\obj\i2c_dma.o
DHT22_Bit_Time      0x2d              ..\obj\dht22.o
DHT22_Buffer        0x6               ..\obj\dht22.o
detik               0x1               ..\obj\timer.o
speed               0x1               ..\obj\timer.o
TM_USART1_Buffer    0x400             ..\obj\sim900a.o
NumbOfBytes2        0x4               ..\obj\i2c_dma.o
NumbOfBytes1        0x4               ..\obj\i2c_dma.o
received_string     0x40              ..\obj\main.o
tempTemp            0x2               ..\obj\dht22.o

Discarded input sections

 .text          0x00000000        0x0 ..\obj\stm32f10x_rtc.o
 .data          0x00000000        0x0 ..\obj\stm32f10x_rtc.o
 .bss           0x00000000        0x0 ..\obj\stm32f10x_rtc.o
 .text.RTC_ITConfig
                0x00000000       0x48 ..\obj\stm32f10x_rtc.o
 .text.RTC_EnterConfigMode
                0x00000000       0x20 ..\obj\stm32f10x_rtc.o
 .text.RTC_ExitConfigMode
                0x00000000       0x20 ..\obj\stm32f10x_rtc.o
 .text.RTC_GetCounter
                0x00000000       0x2c ..\obj\stm32f10x_rtc.o
 .text.RTC_SetCounter
                0x00000000       0x2c ..\obj\stm32f10x_rtc.o
 .text.RTC_SetPrescaler
                0x00000000       0x30 ..\obj\stm32f10x_rtc.o
 .text.RTC_SetAlarm
                0x00000000       0x2c ..\obj\stm32f10x_rtc.o
 .text.RTC_GetDivider
                0x00000000       0x38 ..\obj\stm32f10x_rtc.o
 .text.RTC_WaitForLastTask
                0x00000000       0x20 ..\obj\stm32f10x_rtc.o
 .text.RTC_WaitForSynchro
                0x00000000       0x30 ..\obj\stm32f10x_rtc.o
 .text.RTC_GetFlagStatus
                0x00000000       0x3c ..\obj\stm32f10x_rtc.o
 .text.RTC_ClearFlag
                0x00000000       0x2c ..\obj\stm32f10x_rtc.o
 .text.RTC_GetITStatus
                0x00000000       0x50 ..\obj\stm32f10x_rtc.o
 .text.RTC_ClearITPendingBit
                0x00000000       0x2c ..\obj\stm32f10x_rtc.o
 .debug_info    0x00000000      0x434 ..\obj\stm32f10x_rtc.o
 .debug_abbrev  0x00000000      0x18d ..\obj\stm32f10x_rtc.o
 .debug_aranges
                0x00000000       0x88 ..\obj\stm32f10x_rtc.o
 .debug_ranges  0x00000000       0x78 ..\obj\stm32f10x_rtc.o
 .debug_line    0x00000000      0x369 ..\obj\stm32f10x_rtc.o
 .debug_str     0x00000000      0x3df ..\obj\stm32f10x_rtc.o
 .comment       0x00000000       0x71 ..\obj\stm32f10x_rtc.o
 .ARM.attributes
                0x00000000       0x33 ..\obj\stm32f10x_rtc.o
 .debug_frame   0x00000000      0x194 ..\obj\stm32f10x_rtc.o
 .text          0x00000000        0x0 ..\obj\semihosting.o
 .data          0x00000000        0x0 ..\obj\semihosting.o
 .text.SH_SendString
                0x00000000       0x24 ..\obj\semihosting.o
 .text.SH_GetChar
                0x00000000       0x40 ..\obj\semihosting.o
 .text          0x00000000        0x0 ..\obj\stm32f10x_tim.o
 .data          0x00000000        0x0 ..\obj\stm32f10x_tim.o
 .bss           0x00000000        0x0 ..\obj\stm32f10x_tim.o
 .text.TIM_DeInit
                0x00000000      0x22c ..\obj\stm32f10x_tim.o
 .text.TIM_OC1Init
                0x00000000      0x118 ..\obj\stm32f10x_tim.o
 .text.TIM_OC2Init
                0x00000000      0x110 ..\obj\stm32f10x_tim.o
 .text.TIM_OC3Init
                0x00000000      0x10c ..\obj\stm32f10x_tim.o
 .text.TIM_OC4Init
                0x00000000       0xd0 ..\obj\stm32f10x_tim.o
 .text.TIM_ICInit
                0x00000000       0xa8 ..\obj\stm32f10x_tim.o
 .text.TIM_PWMIConfig
                0x00000000       0xb8 ..\obj\stm32f10x_tim.o
 .text.TIM_BDTRConfig
                0x00000000       0x50 ..\obj\stm32f10x_tim.o
 .text.TIM_TimeBaseStructInit
                0x00000000       0x34 ..\obj\stm32f10x_tim.o
 .text.TIM_OCStructInit
                0x00000000       0x44 ..\obj\stm32f10x_tim.o
 .text.TIM_ICStructInit
                0x00000000       0x30 ..\obj\stm32f10x_tim.o
 .text.TIM_BDTRStructInit
                0x00000000       0x3c ..\obj\stm32f10x_tim.o
 .text.TIM_CtrlPWMOutputs
                0x00000000       0x4c ..\obj\stm32f10x_tim.o
 .text.TIM_GenerateEvent
                0x00000000       0x1c ..\obj\stm32f10x_tim.o
 .text.TIM_DMAConfig
                0x00000000       0x28 ..\obj\stm32f10x_tim.o
 .text.TIM_DMACmd
                0x00000000       0x48 ..\obj\stm32f10x_tim.o
 .text.TIM_InternalClockConfig
                0x00000000       0x24 ..\obj\stm32f10x_tim.o
 .text.TIM_ITRxExternalClockConfig
                0x00000000       0x2c ..\obj\stm32f10x_tim.o
 .text.TIM_TIxExternalClockConfig
                0x00000000       0x54 ..\obj\stm32f10x_tim.o
 .text.TIM_ETRClockMode1Config
                0x00000000       0x50 ..\obj\stm32f10x_tim.o
 .text.TIM_ETRClockMode2Config
                0x00000000       0x30 ..\obj\stm32f10x_tim.o
 .text.TIM_ETRConfig
                0x00000000       0x48 ..\obj\stm32f10x_tim.o
 .text.TIM_PrescalerConfig
                0x00000000       0x28 ..\obj\stm32f10x_tim.o
 .text.TIM_CounterModeConfig
                0x00000000       0x38 ..\obj\stm32f10x_tim.o
 .text.TIM_SelectInputTrigger
                0x00000000       0x38 ..\obj\stm32f10x_tim.o
 .text.TIM_EncoderInterfaceConfig
                0x00000000       0x8c ..\obj\stm32f10x_tim.o
 .text.TIM_ForcedOC1Config
                0x00000000       0x38 ..\obj\stm32f10x_tim.o
 .text.TIM_ForcedOC2Config
                0x00000000       0x3c ..\obj\stm32f10x_tim.o
 .text.TIM_ForcedOC3Config
                0x00000000       0x38 ..\obj\stm32f10x_tim.o
 .text.TIM_ForcedOC4Config
                0x00000000       0x3c ..\obj\stm32f10x_tim.o
 .text.TIM_ARRPreloadConfig
                0x00000000       0x40 ..\obj\stm32f10x_tim.o
 .text.TIM_SelectCOM
                0x00000000       0x40 ..\obj\stm32f10x_tim.o
 .text.TIM_SelectCCDMA
                0x00000000       0x40 ..\obj\stm32f10x_tim.o
 .text.TIM_CCPreloadControl
                0x00000000       0x40 ..\obj\stm32f10x_tim.o
 .text.TIM_OC1PreloadConfig
                0x00000000       0x38 ..\obj\stm32f10x_tim.o
 .text.TIM_OC2PreloadConfig
                0x00000000       0x3c ..\obj\stm32f10x_tim.o
 .text.TIM_OC3PreloadConfig
                0x00000000       0x38 ..\obj\stm32f10x_tim.o
 .text.TIM_OC4PreloadConfig
                0x00000000       0x3c ..\obj\stm32f10x_tim.o
 .text.TIM_OC1FastConfig
                0x00000000       0x38 ..\obj\stm32f10x_tim.o
 .text.TIM_OC2FastConfig
                0x00000000       0x3c ..\obj\stm32f10x_tim.o
 .text.TIM_OC3FastConfig
                0x00000000       0x38 ..\obj\stm32f10x_tim.o
 .text.TIM_OC4FastConfig
                0x00000000       0x3c ..\obj\stm32f10x_tim.o
 .text.TIM_ClearOC1Ref
                0x00000000       0x38 ..\obj\stm32f10x_tim.o
 .text.TIM_ClearOC2Ref
                0x00000000       0x3c ..\obj\stm32f10x_tim.o
 .text.TIM_ClearOC3Ref
                0x00000000       0x38 ..\obj\stm32f10x_tim.o
 .text.TIM_ClearOC4Ref
                0x00000000       0x3c ..\obj\stm32f10x_tim.o
 .text.TIM_OC1PolarityConfig
                0x00000000       0x38 ..\obj\stm32f10x_tim.o
 .text.TIM_OC1NPolarityConfig
                0x00000000       0x38 ..\obj\stm32f10x_tim.o
 .text.TIM_OC2PolarityConfig
                0x00000000       0x3c ..\obj\stm32f10x_tim.o
 .text.TIM_OC2NPolarityConfig
                0x00000000       0x3c ..\obj\stm32f10x_tim.o
 .text.TIM_OC3PolarityConfig
                0x00000000       0x3c ..\obj\stm32f10x_tim.o
 .text.TIM_OC3NPolarityConfig
                0x00000000       0x3c ..\obj\stm32f10x_tim.o
 .text.TIM_OC4PolarityConfig
                0x00000000       0x3c ..\obj\stm32f10x_tim.o
 .text.TIM_CCxCmd
                0x00000000       0x54 ..\obj\stm32f10x_tim.o
 .text.TIM_CCxNCmd
                0x00000000       0x54 ..\obj\stm32f10x_tim.o
 .text.TIM_SelectOCxM
                0x00000000       0xa8 ..\obj\stm32f10x_tim.o
 .text.TIM_UpdateDisableConfig
                0x00000000       0x40 ..\obj\stm32f10x_tim.o
 .text.TIM_UpdateRequestConfig
                0x00000000       0x40 ..\obj\stm32f10x_tim.o
 .text.TIM_SelectHallSensor
                0x00000000       0x40 ..\obj\stm32f10x_tim.o
 .text.TIM_SelectOnePulseMode
                0x00000000       0x38 ..\obj\stm32f10x_tim.o
 .text.TIM_SelectOutputTrigger
                0x00000000       0x38 ..\obj\stm32f10x_tim.o
 .text.TIM_SelectSlaveMode
                0x00000000       0x38 ..\obj\stm32f10x_tim.o
 .text.TIM_SelectMasterSlaveMode
                0x00000000       0x38 ..\obj\stm32f10x_tim.o
 .text.TIM_SetCounter
                0x00000000       0x1c ..\obj\stm32f10x_tim.o
 .text.TIM_SetAutoreload
                0x00000000       0x1c ..\obj\stm32f10x_tim.o
 .text.TIM_SetCompare1
                0x00000000       0x1c ..\obj\stm32f10x_tim.o
 .text.TIM_SetCompare2
                0x00000000       0x1c ..\obj\stm32f10x_tim.o
 .text.TIM_SetCompare3
                0x00000000       0x1c ..\obj\stm32f10x_tim.o
 .text.TIM_SetCompare4
                0x00000000       0x20 ..\obj\stm32f10x_tim.o
 .text.TIM_SetIC1Prescaler
                0x00000000       0x38 ..\obj\stm32f10x_tim.o
 .text.TIM_SetIC2Prescaler
                0x00000000       0x3c ..\obj\stm32f10x_tim.o
 .text.TIM_SetIC3Prescaler
                0x00000000       0x38 ..\obj\stm32f10x_tim.o
 .text.TIM_SetIC4Prescaler
                0x00000000       0x3c ..\obj\stm32f10x_tim.o
 .text.TIM_SetClockDivision
                0x00000000       0x38 ..\obj\stm32f10x_tim.o
 .text.TIM_GetCapture1
                0x00000000       0x1c ..\obj\stm32f10x_tim.o
 .text.TIM_GetCapture2
                0x00000000       0x1c ..\obj\stm32f10x_tim.o
 .text.TIM_GetCapture3
                0x00000000       0x1c ..\obj\stm32f10x_tim.o
 .text.TIM_GetCapture4
                0x00000000       0x1c ..\obj\stm32f10x_tim.o
 .text.TIM_GetCounter
                0x00000000       0x1c ..\obj\stm32f10x_tim.o
 .text.TIM_GetPrescaler
                0x00000000       0x1c ..\obj\stm32f10x_tim.o
 .text.TIM_GetFlagStatus
                0x00000000       0x38 ..\obj\stm32f10x_tim.o
 .text.TIM_ClearFlag
                0x00000000       0x20 ..\obj\stm32f10x_tim.o
 .text.TI1_Config
                0x00000000       0xd4 ..\obj\stm32f10x_tim.o
 .text.TI2_Config
                0x00000000       0xe8 ..\obj\stm32f10x_tim.o
 .text.TI3_Config
                0x00000000       0xe0 ..\obj\stm32f10x_tim.o
 .text.TI4_Config
                0x00000000       0xec ..\obj\stm32f10x_tim.o
 .text          0x00000000        0x0 ..\obj\timer.o
 .data          0x00000000        0x0 ..\obj\timer.o
 .bss           0x00000000        0x0 ..\obj\timer.o
 .text.delayAbisI2C
                0x00000000       0xc8 ..\obj\timer.o
 .text          0x00000000        0x0 ..\obj\i2c_dma.o
 .data          0x00000000        0x0 ..\obj\i2c_dma.o
 .text.I2C_Slave_BufferReadWrite
                0x00000000       0x60 ..\obj\i2c_dma.o
 .text          0x00000000        0x0 ..\obj\system_stm32f10x.o
 .bss           0x00000000        0x0 ..\obj\system_stm32f10x.o
 .text.SystemCoreClockUpdate
                0x00000000       0xd8 ..\obj\system_stm32f10x.o
 .text          0x00000000        0x0 ..\obj\bmp180.o
 .bss           0x00000000        0x0 ..\obj\bmp180.o
 .text.bmp180_get_delay
                0x00000000       0x48 ..\obj\bmp180.o
 .text.bmp180_get_calibration_data
                0x00000000      0x124 ..\obj\bmp180.o
 .text.bmp180_get_uncompensated_temperature
                0x00000000       0x74 ..\obj\bmp180.o
 .text.bmp180_get_uncompensated_pressure
                0x00000000       0xa4 ..\obj\bmp180.o
 .rodata        0x00000000       0x28 ..\obj\bmp180.o
 .text.bmp180_calculate_true_temperature
                0x00000000       0x7c ..\obj\bmp180.o
 .text.bmp180_calculate_true_pressure
                0x00000000      0x198 ..\obj\bmp180.o
 .text.bmp180_get_absolute_altitude
                0x00000000       0x44 ..\obj\bmp180.o
 .text          0x00000000        0x0 ..\obj\stm32f10x_pwr.o
 .data          0x00000000        0x0 ..\obj\stm32f10x_pwr.o
 .bss           0x00000000        0x0 ..\obj\stm32f10x_pwr.o
 .text.PWR_DeInit
                0x00000000       0x1c ..\obj\stm32f10x_pwr.o
 .text.PWR_BackupAccessCmd
                0x00000000       0x20 ..\obj\stm32f10x_pwr.o
 .text.PWR_PVDCmd
                0x00000000       0x20 ..\obj\stm32f10x_pwr.o
 .text.PWR_PVDLevelConfig
                0x00000000       0x38 ..\obj\stm32f10x_pwr.o
 .text.PWR_WakeUpPinCmd
                0x00000000       0x20 ..\obj\stm32f10x_pwr.o
 .text.PWR_EnterSTOPMode
                0x00000000       0x64 ..\obj\stm32f10x_pwr.o
 .text.PWR_EnterSTANDBYMode
                0x00000000       0x3c ..\obj\stm32f10x_pwr.o
 .text.PWR_GetFlagStatus
                0x00000000       0x34 ..\obj\stm32f10x_pwr.o
 .text.PWR_ClearFlag
                0x00000000       0x24 ..\obj\stm32f10x_pwr.o
 .debug_info    0x00000000      0x482 ..\obj\stm32f10x_pwr.o
 .debug_abbrev  0x00000000      0x17f ..\obj\stm32f10x_pwr.o
 .debug_aranges
                0x00000000       0x60 ..\obj\stm32f10x_pwr.o
 .debug_ranges  0x00000000       0x50 ..\obj\stm32f10x_pwr.o
 .debug_line    0x00000000      0x31b ..\obj\stm32f10x_pwr.o
 .debug_str     0x00000000      0x35f ..\obj\stm32f10x_pwr.o
 .comment       0x00000000       0x71 ..\obj\stm32f10x_pwr.o
 .ARM.attributes
                0x00000000       0x33 ..\obj\stm32f10x_pwr.o
 .debug_frame   0x00000000      0x108 ..\obj\stm32f10x_pwr.o
 .text          0x00000000        0x0 ..\obj\startup_stm32f10x_md.o
 .data          0x00000000        0x0 ..\obj\startup_stm32f10x_md.o
 .bss           0x00000000        0x0 ..\obj\startup_stm32f10x_md.o
 .text          0x00000000        0x0 ..\obj\stm32f10x_gpio.o
 .data          0x00000000        0x0 ..\obj\stm32f10x_gpio.o
 .bss           0x00000000        0x0 ..\obj\stm32f10x_gpio.o
 .text.GPIO_DeInit
                0x00000000       0xe4 ..\obj\stm32f10x_gpio.o
 .text.GPIO_AFIODeInit
                0x00000000       0x18 ..\obj\stm32f10x_gpio.o
 .text.GPIO_ReadInputData
                0x00000000       0x1c ..\obj\stm32f10x_gpio.o
 .text.GPIO_ReadOutputDataBit
                0x00000000       0x34 ..\obj\stm32f10x_gpio.o
 .text.GPIO_ReadOutputData
                0x00000000       0x1c ..\obj\stm32f10x_gpio.o
 .text.GPIO_SetBits
                0x00000000       0x1c ..\obj\stm32f10x_gpio.o
 .text.GPIO_ResetBits
                0x00000000       0x1c ..\obj\stm32f10x_gpio.o
 .text.GPIO_Write
                0x00000000       0x1c ..\obj\stm32f10x_gpio.o
 .text.GPIO_PinLockConfig
                0x00000000       0x44 ..\obj\stm32f10x_gpio.o
 .text.GPIO_EventOutputConfig
                0x00000000       0x48 ..\obj\stm32f10x_gpio.o
 .text.GPIO_EventOutputCmd
                0x00000000       0x20 ..\obj\stm32f10x_gpio.o
 .text.GPIO_PinRemapConfig
                0x00000000       0xe0 ..\obj\stm32f10x_gpio.o
 .text.GPIO_ETH_MediaInterfaceConfig
                0x00000000       0x1c ..\obj\stm32f10x_gpio.o
 .text          0x00000000        0x0 ..\obj\main.o
 .data          0x00000000        0x0 ..\obj\main.o
 .bss           0x00000000        0x8 ..\obj\main.o
 .text.SetSystemClockOut
                0x00000000       0x40 ..\obj\main.o
 .text.collectAndSend
                0x00000000       0xfc ..\obj\main.o
 .text          0x00000000        0x0 ..\obj\utils.o
 .data          0x00000000        0x0 ..\obj\utils.o
 .text.setup_delay_timer
                0x00000000       0x98 ..\obj\utils.o
 .text.delay    0x00000000       0x28 ..\obj\utils.o
 .text.delay_us
                0x00000000       0x30 ..\obj\utils.o
 .text.delay_ms
                0x00000000       0x28 ..\obj\utils.o
 .text.LED_Init1
                0x00000000       0x30 ..\obj\utils.o
 .text.LED_Init2
                0x00000000       0x38 ..\obj\utils.o
 .text.LED_Init3
                0x00000000       0x30 ..\obj\utils.o
 .text.BTN_Init
                0x00000000       0x30 ..\obj\utils.o
 .text          0x00000000        0x0 ..\obj\printf.o
 .bss           0x00000000        0x0 ..\obj\printf.o
 .text.snprintf
                0x00000000       0x30 ..\obj\printf.o
 .text.fprintf  0x00000000       0x2c ..\obj\printf.o
 .text.sprintf  0x00000000       0x2c ..\obj\printf.o
 .text.puts     0x00000000       0x24 ..\obj\printf.o
 .text          0x00000000        0x0 ..\obj\stm32f10x_rcc.o
 .bss           0x00000000        0x0 ..\obj\stm32f10x_rcc.o
 .text.RCC_DeInit
                0x00000000       0x5c ..\obj\stm32f10x_rcc.o
 .text.RCC_WaitForHSEStartUp
                0x00000000       0x50 ..\obj\stm32f10x_rcc.o
 .text.RCC_AdjustHSICalibrationValue
                0x00000000       0x3c ..\obj\stm32f10x_rcc.o
 .text.RCC_GetSYSCLKSource
                0x00000000       0x20 ..\obj\stm32f10x_rcc.o
 .text.RCC_ITConfig
                0x00000000       0x48 ..\obj\stm32f10x_rcc.o
 .text.RCC_USBCLKConfig
                0x00000000       0x1c ..\obj\stm32f10x_rcc.o
 .text.RCC_LSEConfig
                0x00000000       0x40 ..\obj\stm32f10x_rcc.o
 .text.RCC_LSICmd
                0x00000000       0x20 ..\obj\stm32f10x_rcc.o
 .text.RCC_RTCCLKConfig
                0x00000000       0x24 ..\obj\stm32f10x_rcc.o
 .text.RCC_RTCCLKCmd
                0x00000000       0x20 ..\obj\stm32f10x_rcc.o
 .text.RCC_APB2PeriphResetCmd
                0x00000000       0x3c ..\obj\stm32f10x_rcc.o
 .text.RCC_BackupResetCmd
                0x00000000       0x20 ..\obj\stm32f10x_rcc.o
 .text.RCC_ClockSecuritySystemCmd
                0x00000000       0x20 ..\obj\stm32f10x_rcc.o
 .text.RCC_MCOConfig
                0x00000000       0x20 ..\obj\stm32f10x_rcc.o
 .text.RCC_ClearFlag
                0x00000000       0x1c ..\obj\stm32f10x_rcc.o
 .text.RCC_GetITStatus
                0x00000000       0x38 ..\obj\stm32f10x_rcc.o
 .text.RCC_ClearITPendingBit
                0x00000000       0x20 ..\obj\stm32f10x_rcc.o
 .text          0x00000000        0x0 ..\obj\stm32f10x_exti.o
 .data          0x00000000        0x0 ..\obj\stm32f10x_exti.o
 .bss           0x00000000        0x0 ..\obj\stm32f10x_exti.o
 .text.EXTI_DeInit
                0x00000000       0x34 ..\obj\stm32f10x_exti.o
 .text.EXTI_StructInit
                0x00000000       0x2c ..\obj\stm32f10x_exti.o
 .text.EXTI_GenerateSWInterrupt
                0x00000000       0x24 ..\obj\stm32f10x_exti.o
 .text.EXTI_GetFlagStatus
                0x00000000       0x34 ..\obj\stm32f10x_exti.o
 .text.EXTI_ClearFlag
                0x00000000       0x1c ..\obj\stm32f10x_exti.o
 .text          0x00000000        0x0 ..\obj\stm32f10x_adc.o
 .data          0x00000000        0x0 ..\obj\stm32f10x_adc.o
 .bss           0x00000000        0x0 ..\obj\stm32f10x_adc.o
 .text.ADC_DeInit
                0x00000000       0x74 ..\obj\stm32f10x_adc.o
 .text.ADC_StructInit
                0x00000000       0x38 ..\obj\stm32f10x_adc.o
 .text.ADC_ITConfig
                0x00000000       0x44 ..\obj\stm32f10x_adc.o
 .text.ADC_GetSoftwareStartConvStatus
                0x00000000       0x30 ..\obj\stm32f10x_adc.o
 .text.ADC_DiscModeChannelCountConfig
                0x00000000       0x44 ..\obj\stm32f10x_adc.o
 .text.ADC_DiscModeCmd
                0x00000000       0x38 ..\obj\stm32f10x_adc.o
 .text.ADC_ExternalTrigConvCmd
                0x00000000       0x38 ..\obj\stm32f10x_adc.o
 .text.ADC_GetDualModeConversionValue
                0x00000000       0x18 ..\obj\stm32f10x_adc.o
 .text.ADC_AutoInjectedConvCmd
                0x00000000       0x38 ..\obj\stm32f10x_adc.o
 .text.ADC_InjectedDiscModeCmd
                0x00000000       0x38 ..\obj\stm32f10x_adc.o
 .text.ADC_ExternalTrigInjectedConvConfig
                0x00000000       0x34 ..\obj\stm32f10x_adc.o
 .text.ADC_ExternalTrigInjectedConvCmd
                0x00000000       0x38 ..\obj\stm32f10x_adc.o
 .text.ADC_SoftwareStartInjectedConvCmd
                0x00000000       0x38 ..\obj\stm32f10x_adc.o
 .text.ADC_GetSoftwareStartInjectedConvCmdStatus
                0x00000000       0x30 ..\obj\stm32f10x_adc.o
 .text.ADC_InjectedChannelConfig
                0x00000000      0x114 ..\obj\stm32f10x_adc.o
 .text.ADC_InjectedSequencerLengthConfig
                0x00000000       0x44 ..\obj\stm32f10x_adc.o
 .text.ADC_SetInjectedOffset
                0x00000000       0x30 ..\obj\stm32f10x_adc.o
 .text.ADC_GetInjectedConversionValue
                0x00000000       0x30 ..\obj\stm32f10x_adc.o
 .text.ADC_AnalogWatchdogCmd
                0x00000000       0x38 ..\obj\stm32f10x_adc.o
 .text.ADC_AnalogWatchdogThresholdsConfig
                0x00000000       0x28 ..\obj\stm32f10x_adc.o
 .text.ADC_AnalogWatchdogSingleChannelConfig
                0x00000000       0x38 ..\obj\stm32f10x_adc.o
 .text.ADC_TempSensorVrefintCmd
                0x00000000       0x38 ..\obj\stm32f10x_adc.o
 .text.ADC_ClearFlag
                0x00000000       0x20 ..\obj\stm32f10x_adc.o
 .text.ADC_GetITStatus
                0x00000000       0x58 ..\obj\stm32f10x_adc.o
 .text.ADC_ClearITPendingBit
                0x00000000       0x2c ..\obj\stm32f10x_adc.o
 .text          0x00000000        0x0 ..\obj\sim900a.o
 .data          0x00000000       0x10 ..\obj\sim900a.o
 .text.readUsart
                0x00000000       0x24 ..\obj\sim900a.o
 .text.delayBuatSIM
                0x00000000      0x134 ..\obj\sim900a.o
 .text.delayBuatHttpReq
                0x00000000       0xd4 ..\obj\sim900a.o
 .text.initializingGPIOSIM
                0x00000000       0x38 ..\obj\sim900a.o
 .text.sendSMS  0x00000000       0x70 ..\obj\sim900a.o
 .text.sendData
                0x00000000      0x5c0 ..\obj\sim900a.o
 .text.turnOnSIM800L
                0x00000000       0x58 ..\obj\sim900a.o
 .text.TM_USART_INT_GetUsart
                0x00000000       0x18 ..\obj\sim900a.o
 .text.TM_USART_Puts
                0x00000000       0x50 ..\obj\sim900a.o
 .text.stringToInt
                0x00000000       0x4c ..\obj\sim900a.o
 .text.getBatteryPercentageSIM
                0x00000000       0xb0 ..\obj\sim900a.o
 COMMON         0x00000000      0x404 ..\obj\sim900a.o
 .text          0x00000000        0x0 ..\obj\stm32f10x_usart.o
 .data          0x00000000        0x0 ..\obj\stm32f10x_usart.o
 .bss           0x00000000        0x0 ..\obj\stm32f10x_usart.o
 .text.USART_DeInit
                0x00000000       0xb8 ..\obj\stm32f10x_usart.o
 .text.USART_StructInit
                0x00000000       0x38 ..\obj\stm32f10x_usart.o
 .text.USART_ClockInit
                0x00000000       0x54 ..\obj\stm32f10x_usart.o
 .text.USART_ClockStructInit
                0x00000000       0x2c ..\obj\stm32f10x_usart.o
 .text.USART_DMACmd
                0x00000000       0x48 ..\obj\stm32f10x_usart.o
 .text.USART_SetAddress
                0x00000000       0x38 ..\obj\stm32f10x_usart.o
 .text.USART_WakeUpConfig
                0x00000000       0x38 ..\obj\stm32f10x_usart.o
 .text.USART_ReceiverWakeUpCmd
                0x00000000       0x40 ..\obj\stm32f10x_usart.o
 .text.USART_LINBreakDetectLengthConfig
                0x00000000       0x38 ..\obj\stm32f10x_usart.o
 .text.USART_LINCmd
                0x00000000       0x40 ..\obj\stm32f10x_usart.o
 .text.USART_SendData
                0x00000000       0x24 ..\obj\stm32f10x_usart.o
 .text.USART_ReceiveData
                0x00000000       0x20 ..\obj\stm32f10x_usart.o
 .text.USART_SendBreak
                0x00000000       0x24 ..\obj\stm32f10x_usart.o
 .text.USART_SetGuardTime
                0x00000000       0x3c ..\obj\stm32f10x_usart.o
 .text.USART_SetPrescaler
                0x00000000       0x38 ..\obj\stm32f10x_usart.o
 .text.USART_SmartCardCmd
                0x00000000       0x40 ..\obj\stm32f10x_usart.o
 .text.USART_SmartCardNACKCmd
                0x00000000       0x40 ..\obj\stm32f10x_usart.o
 .text.USART_HalfDuplexCmd
                0x00000000       0x40 ..\obj\stm32f10x_usart.o
 .text.USART_OverSampling8Cmd
                0x00000000       0x44 ..\obj\stm32f10x_usart.o
 .text.USART_OneBitMethodCmd
                0x00000000       0x40 ..\obj\stm32f10x_usart.o
 .text.USART_IrDAConfig
                0x00000000       0x38 ..\obj\stm32f10x_usart.o
 .text.USART_IrDACmd
                0x00000000       0x40 ..\obj\stm32f10x_usart.o
 .text.USART_GetFlagStatus
                0x00000000       0x38 ..\obj\stm32f10x_usart.o
 .data          0x00000000        0x0 ..\obj\sh_cmd.o
 .bss           0x00000000        0x0 ..\obj\sh_cmd.o
 .text          0x00000000        0x0 ..\obj\syscalls.o
 .data          0x00000000        0x0 ..\obj\syscalls.o
 .bss           0x00000000        0x4 ..\obj\syscalls.o
 .text._sbrk    0x00000000       0x40 ..\obj\syscalls.o
 .text.link     0x00000000       0x1c ..\obj\syscalls.o
 .text._close   0x00000000       0x18 ..\obj\syscalls.o
 .text._fstat   0x00000000       0x20 ..\obj\syscalls.o
 .text._isatty  0x00000000       0x18 ..\obj\syscalls.o
 .text._lseek   0x00000000       0x1c ..\obj\syscalls.o
 .text._read    0x00000000       0x1c ..\obj\syscalls.o
 .text._write   0x00000000       0x1c ..\obj\syscalls.o
 .text.abort    0x00000000        0x8 ..\obj\syscalls.o
 .debug_info    0x00000000      0x3ee ..\obj\syscalls.o
 .debug_abbrev  0x00000000       0xe2 ..\obj\syscalls.o
 .debug_aranges
                0x00000000       0x60 ..\obj\syscalls.o
 .debug_ranges  0x00000000       0x50 ..\obj\syscalls.o
 .debug_line    0x00000000      0x1a5 ..\obj\syscalls.o
 .debug_str     0x00000000      0x339 ..\obj\syscalls.o
 .comment       0x00000000       0x71 ..\obj\syscalls.o
 .ARM.attributes
                0x00000000       0x33 ..\obj\syscalls.o
 .debug_frame   0x00000000      0x108 ..\obj\syscalls.o
 .text          0x00000000        0x0 ..\obj\exti.o
 .data          0x00000000        0x0 ..\obj\exti.o
 .bss           0x00000000        0x0 ..\obj\exti.o
 .text          0x00000000        0x0 ..\obj\stm32f10x_flash.o
 .data          0x00000000        0x0 ..\obj\stm32f10x_flash.o
 .bss           0x00000000        0x0 ..\obj\stm32f10x_flash.o
 .text.FLASH_HalfCycleAccessCmd
                0x00000000       0x30 ..\obj\stm32f10x_flash.o
 .text.FLASH_PrefetchBufferCmd
                0x00000000       0x30 ..\obj\stm32f10x_flash.o
 .text.FLASH_Unlock
                0x00000000       0x24 ..\obj\stm32f10x_flash.o
 .text.FLASH_UnlockBank1
                0x00000000       0x24 ..\obj\stm32f10x_flash.o
 .text.FLASH_Lock
                0x00000000       0x1c ..\obj\stm32f10x_flash.o
 .text.FLASH_LockBank1
                0x00000000       0x1c ..\obj\stm32f10x_flash.o
 .text.FLASH_ErasePage
                0x00000000       0x64 ..\obj\stm32f10x_flash.o
 .text.FLASH_EraseAllPages
                0x00000000       0x5c ..\obj\stm32f10x_flash.o
 .text.FLASH_EraseAllBank1Pages
                0x00000000       0x5c ..\obj\stm32f10x_flash.o
 .text.FLASH_EraseOptionBytes
                0x00000000       0xd4 ..\obj\stm32f10x_flash.o
 .text.FLASH_ProgramWord
                0x00000000       0x94 ..\obj\stm32f10x_flash.o
 .text.FLASH_ProgramHalfWord
                0x00000000       0x5c ..\obj\stm32f10x_flash.o
 .text.FLASH_ProgramOptionByteData
                0x00000000       0x78 ..\obj\stm32f10x_flash.o
 .text.FLASH_EnableWriteProtection
                0x00000000      0x118 ..\obj\stm32f10x_flash.o
 .text.FLASH_ReadOutProtection
                0x00000000       0xd4 ..\obj\stm32f10x_flash.o
 .text.FLASH_UserOptionByteConfig
                0x00000000       0x94 ..\obj\stm32f10x_flash.o
 .text.FLASH_GetUserOptionByte
                0x00000000       0x18 ..\obj\stm32f10x_flash.o
 .text.FLASH_GetWriteProtectionOptionByte
                0x00000000       0x18 ..\obj\stm32f10x_flash.o
 .text.FLASH_GetReadOutProtectionStatus
                0x00000000       0x34 ..\obj\stm32f10x_flash.o
 .text.FLASH_GetPrefetchBufferStatus
                0x00000000       0x34 ..\obj\stm32f10x_flash.o
 .text.FLASH_ITConfig
                0x00000000       0x3c ..\obj\stm32f10x_flash.o
 .text.FLASH_GetFlagStatus
                0x00000000       0x54 ..\obj\stm32f10x_flash.o
 .text.FLASH_ClearFlag
                0x00000000       0x1c ..\obj\stm32f10x_flash.o
 .text.FLASH_GetStatus
                0x00000000       0x58 ..\obj\stm32f10x_flash.o
 .text.FLASH_GetBank1Status
                0x00000000       0x58 ..\obj\stm32f10x_flash.o
 .text.FLASH_WaitForLastOperation
                0x00000000       0x44 ..\obj\stm32f10x_flash.o
 .text.FLASH_WaitForLastBank1Operation
                0x00000000       0x44 ..\obj\stm32f10x_flash.o
 .text          0x00000000        0x0 ..\obj\adc.o
 .data          0x00000000        0x0 ..\obj\adc.o
 .bss           0x00000000        0x0 ..\obj\adc.o
 .text          0x00000000        0x0 ..\obj\stm32f10x_dma.o
 .data          0x00000000        0x0 ..\obj\stm32f10x_dma.o
 .bss           0x00000000        0x0 ..\obj\stm32f10x_dma.o
 .text.DMA_StructInit
                0x00000000       0x54 ..\obj\stm32f10x_dma.o
 .text.DMA_ITConfig
                0x00000000       0x3c ..\obj\stm32f10x_dma.o
 .text.DMA_SetCurrDataCounter
                0x00000000       0x1c ..\obj\stm32f10x_dma.o
 .text.DMA_GetCurrDataCounter
                0x00000000       0x1c ..\obj\stm32f10x_dma.o
 .text.DMA_GetITStatus
                0x00000000       0x54 ..\obj\stm32f10x_dma.o
 .text.DMA_ClearITPendingBit
                0x00000000       0x34 ..\obj\stm32f10x_dma.o
 .text          0x00000000        0x0 ..\obj\mytime.o
 .text.Millis   0x00000000       0x18 ..\obj\mytime.o
 .text          0x00000000        0x0 ..\obj\dht22.o
 .data          0x00000000        0x0 ..\obj\dht22.o
 .text.DHT22_Start_Read
                0x00000000      0x160 ..\obj\dht22.o
 .text.DHT22_Config_GPIO_INPUT
                0x00000000       0x28 ..\obj\dht22.o
 .text.DHT22_Config_EXTInterrupt_Disable
                0x00000000       0x24 ..\obj\dht22.o
 .text.DHT22_Times_To_Bits
                0x00000000       0x90 ..\obj\dht22.o
 .text.DHT22_Times_To_Bits16
                0x00000000       0x98 ..\obj\dht22.o
 .text.DHT_Value_Checksum
                0x00000000       0x60 ..\obj\dht22.o
 .text          0x00000000        0x0 ..\obj\misc.o
 .data          0x00000000        0x0 ..\obj\misc.o
 .bss           0x00000000        0x0 ..\obj\misc.o
 .text.NVIC_SetVectorTable
                0x00000000       0x2c ..\obj\misc.o
 .text.NVIC_SystemLPConfig
                0x00000000       0x40 ..\obj\misc.o
 .text.SysTick_CLKSourceConfig
                0x00000000       0x38 ..\obj\misc.o
 .text          0x00000000        0x0 ..\obj\stm32f10x_i2c.o
 .data          0x00000000        0x0 ..\obj\stm32f10x_i2c.o
 .bss           0x00000000        0x0 ..\obj\stm32f10x_i2c.o
 .text.I2C_DeInit
                0x00000000       0x44 ..\obj\stm32f10x_i2c.o
 .text.I2C_StructInit
                0x00000000       0x3c ..\obj\stm32f10x_i2c.o
 .text.I2C_Cmd  0x00000000       0x40 ..\obj\stm32f10x_i2c.o
 .text.I2C_DMACmd
                0x00000000       0x40 ..\obj\stm32f10x_i2c.o
 .text.I2C_DMALastTransferCmd
                0x00000000       0x40 ..\obj\stm32f10x_i2c.o
 .text.I2C_GenerateSTART
                0x00000000       0x40 ..\obj\stm32f10x_i2c.o
 .text.I2C_AcknowledgeConfig
                0x00000000       0x40 ..\obj\stm32f10x_i2c.o
 .text.I2C_OwnAddress2Config
                0x00000000       0x40 ..\obj\stm32f10x_i2c.o
 .text.I2C_DualAddressCmd
                0x00000000       0x40 ..\obj\stm32f10x_i2c.o
 .text.I2C_GeneralCallCmd
                0x00000000       0x40 ..\obj\stm32f10x_i2c.o
 .text.I2C_ITConfig
                0x00000000       0x48 ..\obj\stm32f10x_i2c.o
 .text.I2C_SendData
                0x00000000       0x20 ..\obj\stm32f10x_i2c.o
 .text.I2C_ReceiveData
                0x00000000       0x1c ..\obj\stm32f10x_i2c.o
 .text.I2C_Send7bitAddress
                0x00000000       0x3c ..\obj\stm32f10x_i2c.o
 .text.I2C_ReadRegister
                0x00000000       0x30 ..\obj\stm32f10x_i2c.o
 .text.I2C_SoftwareResetCmd
                0x00000000       0x44 ..\obj\stm32f10x_i2c.o
 .text.I2C_NACKPositionConfig
                0x00000000       0x40 ..\obj\stm32f10x_i2c.o
 .text.I2C_SMBusAlertConfig
                0x00000000       0x40 ..\obj\stm32f10x_i2c.o
 .text.I2C_TransmitPEC
                0x00000000       0x40 ..\obj\stm32f10x_i2c.o
 .text.I2C_PECPositionConfig
                0x00000000       0x40 ..\obj\stm32f10x_i2c.o
 .text.I2C_CalculatePEC
                0x00000000       0x40 ..\obj\stm32f10x_i2c.o
 .text.I2C_GetPEC
                0x00000000       0x20 ..\obj\stm32f10x_i2c.o
 .text.I2C_ARPCmd
                0x00000000       0x40 ..\obj\stm32f10x_i2c.o
 .text.I2C_StretchClockCmd
                0x00000000       0x40 ..\obj\stm32f10x_i2c.o
 .text.I2C_FastModeDutyCycleConfig
                0x00000000       0x40 ..\obj\stm32f10x_i2c.o
 .text.I2C_CheckEvent
                0x00000000       0x60 ..\obj\stm32f10x_i2c.o
 .text.I2C_GetLastEvent
                0x00000000       0x44 ..\obj\stm32f10x_i2c.o
 .text.I2C_GetFlagStatus
                0x00000000       0x68 ..\obj\stm32f10x_i2c.o
 .text.I2C_ClearFlag
                0x00000000       0x2c ..\obj\stm32f10x_i2c.o
 .text.I2C_GetITStatus
                0x00000000       0x5c ..\obj\stm32f10x_i2c.o
 .text.I2C_ClearITPendingBit
                0x00000000       0x2c ..\obj\stm32f10x_i2c.o
 .data          0x00000000        0x0 c:/program files (x86)/gnu tools arm embedded/4.8 2014q3/bin/../lib/gcc/arm-none-eabi/4.8.4/armv7-m\libgcc.a(_arm_addsubdf3.o)
 .bss           0x00000000        0x0 c:/program files (x86)/gnu tools arm embedded/4.8 2014q3/bin/../lib/gcc/arm-none-eabi/4.8.4/armv7-m\libgcc.a(_arm_addsubdf3.o)
 .data          0x00000000        0x0 c:/program files (x86)/gnu tools arm embedded/4.8 2014q3/bin/../lib/gcc/arm-none-eabi/4.8.4/armv7-m\libgcc.a(_arm_muldivdf3.o)
 .bss           0x00000000        0x0 c:/program files (x86)/gnu tools arm embedded/4.8 2014q3/bin/../lib/gcc/arm-none-eabi/4.8.4/armv7-m\libgcc.a(_arm_muldivdf3.o)
 .data          0x00000000        0x0 c:/program files (x86)/gnu tools arm embedded/4.8 2014q3/bin/../lib/gcc/arm-none-eabi/4.8.4/armv7-m\libgcc.a(_arm_fixdfsi.o)
 .bss           0x00000000        0x0 c:/program files (x86)/gnu tools arm embedded/4.8 2014q3/bin/../lib/gcc/arm-none-eabi/4.8.4/armv7-m\libgcc.a(_arm_fixdfsi.o)
 .text          0x00000000       0xa0 c:/program files (x86)/gnu tools arm embedded/4.8 2014q3/bin/../lib/gcc/arm-none-eabi/4.8.4/armv7-m\libgcc.a(_arm_truncdfsf2.o)
 .data          0x00000000        0x0 c:/program files (x86)/gnu tools arm embedded/4.8 2014q3/bin/../lib/gcc/arm-none-eabi/4.8.4/armv7-m\libgcc.a(_arm_truncdfsf2.o)
 .bss           0x00000000        0x0 c:/program files (x86)/gnu tools arm embedded/4.8 2014q3/bin/../lib/gcc/arm-none-eabi/4.8.4/armv7-m\libgcc.a(_arm_truncdfsf2.o)
 .ARM.attributes
                0x00000000       0x1d c:/program files (x86)/gnu tools arm embedded/4.8 2014q3/bin/../lib/gcc/arm-none-eabi/4.8.4/armv7-m\libgcc.a(_arm_truncdfsf2.o)
 .text          0x00000000      0x21c c:/program files (x86)/gnu tools arm embedded/4.8 2014q3/bin/../lib/gcc/arm-none-eabi/4.8.4/armv7-m\libgcc.a(_arm_addsubsf3.o)
 .data          0x00000000        0x0 c:/program files (x86)/gnu tools arm embedded/4.8 2014q3/bin/../lib/gcc/arm-none-eabi/4.8.4/armv7-m\libgcc.a(_arm_addsubsf3.o)
 .bss           0x00000000        0x0 c:/program files (x86)/gnu tools arm embedded/4.8 2014q3/bin/../lib/gcc/arm-none-eabi/4.8.4/armv7-m\libgcc.a(_arm_addsubsf3.o)
 .ARM.attributes
                0x00000000       0x1d c:/program files (x86)/gnu tools arm embedded/4.8 2014q3/bin/../lib/gcc/arm-none-eabi/4.8.4/armv7-m\libgcc.a(_arm_addsubsf3.o)
 .text          0x00000000      0x2a0 c:/program files (x86)/gnu tools arm embedded/4.8 2014q3/bin/../lib/gcc/arm-none-eabi/4.8.4/armv7-m\libgcc.a(_arm_muldivsf3.o)
 .data          0x00000000        0x0 c:/program files (x86)/gnu tools arm embedded/4.8 2014q3/bin/../lib/gcc/arm-none-eabi/4.8.4/armv7-m\libgcc.a(_arm_muldivsf3.o)
 .bss           0x00000000        0x0 c:/program files (x86)/gnu tools arm embedded/4.8 2014q3/bin/../lib/gcc/arm-none-eabi/4.8.4/armv7-m\libgcc.a(_arm_muldivsf3.o)
 .ARM.attributes
                0x00000000       0x1d c:/program files (x86)/gnu tools arm embedded/4.8 2014q3/bin/../lib/gcc/arm-none-eabi/4.8.4/armv7-m\libgcc.a(_arm_muldivsf3.o)
 .text          0x00000000       0x4c c:/program files (x86)/gnu tools arm embedded/4.8 2014q3/bin/../lib/gcc/arm-none-eabi/4.8.4/armv7-m\libgcc.a(_arm_fixsfsi.o)
 .data          0x00000000        0x0 c:/program files (x86)/gnu tools arm embedded/4.8 2014q3/bin/../lib/gcc/arm-none-eabi/4.8.4/armv7-m\libgcc.a(_arm_fixsfsi.o)
 .bss           0x00000000        0x0 c:/program files (x86)/gnu tools arm embedded/4.8 2014q3/bin/../lib/gcc/arm-none-eabi/4.8.4/armv7-m\libgcc.a(_arm_fixsfsi.o)
 .ARM.attributes
                0x00000000       0x1d c:/program files (x86)/gnu tools arm embedded/4.8 2014q3/bin/../lib/gcc/arm-none-eabi/4.8.4/armv7-m\libgcc.a(_arm_fixsfsi.o)
 .text          0x00000000       0xec c:/program files (x86)/gnu tools arm embedded/4.8 2014q3/bin/../lib/gcc/arm-none-eabi/4.8.4/../../../../arm-none-eabi/lib/armv7-m\libg.a(lib_a-memcpy.o)
 .data          0x00000000        0x0 c:/program files (x86)/gnu tools arm embedded/4.8 2014q3/bin/../lib/gcc/arm-none-eabi/4.8.4/../../../../arm-none-eabi/lib/armv7-m\libg.a(lib_a-memcpy.o)
 .bss           0x00000000        0x0 c:/program files (x86)/gnu tools arm embedded/4.8 2014q3/bin/../lib/gcc/arm-none-eabi/4.8.4/../../../../arm-none-eabi/lib/armv7-m\libg.a(lib_a-memcpy.o)
 .ARM.attributes
                0x00000000       0x1b c:/program files (x86)/gnu tools arm embedded/4.8 2014q3/bin/../lib/gcc/arm-none-eabi/4.8.4/../../../../arm-none-eabi/lib/armv7-m\libg.a(lib_a-memcpy.o)
 .text          0x00000000        0x0 c:/program files (x86)/gnu tools arm embedded/4.8 2014q3/bin/../lib/gcc/arm-none-eabi/4.8.4/../../../../arm-none-eabi/lib/armv7-m\libg.a(lib_a-memset.o)
 .data          0x00000000        0x0 c:/program files (x86)/gnu tools arm embedded/4.8 2014q3/bin/../lib/gcc/arm-none-eabi/4.8.4/../../../../arm-none-eabi/lib/armv7-m\libg.a(lib_a-memset.o)
 .bss           0x00000000        0x0 c:/program files (x86)/gnu tools arm embedded/4.8 2014q3/bin/../lib/gcc/arm-none-eabi/4.8.4/../../../../arm-none-eabi/lib/armv7-m\libg.a(lib_a-memset.o)
 .text.memset   0x00000000       0x94 c:/program files (x86)/gnu tools arm embedded/4.8 2014q3/bin/../lib/gcc/arm-none-eabi/4.8.4/../../../../arm-none-eabi/lib/armv7-m\libg.a(lib_a-memset.o)
 .ARM.attributes
                0x00000000       0x2d c:/program files (x86)/gnu tools arm embedded/4.8 2014q3/bin/../lib/gcc/arm-none-eabi/4.8.4/../../../../arm-none-eabi/lib/armv7-m\libg.a(lib_a-memset.o)
 .debug_frame   0x00000000       0x2c c:/program files (x86)/gnu tools arm embedded/4.8 2014q3/bin/../lib/gcc/arm-none-eabi/4.8.4/../../../../arm-none-eabi/lib/armv7-m\libg.a(lib_a-memset.o)
 .text          0x00000000        0x0 c:/program files (x86)/gnu tools arm embedded/4.8 2014q3/bin/../lib/gcc/arm-none-eabi/4.8.4/../../../../arm-none-eabi/lib/armv7-m\libg.a(lib_a-strlen.o)
 .data          0x00000000        0x0 c:/program files (x86)/gnu tools arm embedded/4.8 2014q3/bin/../lib/gcc/arm-none-eabi/4.8.4/../../../../arm-none-eabi/lib/armv7-m\libg.a(lib_a-strlen.o)
 .bss           0x00000000        0x0 c:/program files (x86)/gnu tools arm embedded/4.8 2014q3/bin/../lib/gcc/arm-none-eabi/4.8.4/../../../../arm-none-eabi/lib/armv7-m\libg.a(lib_a-strlen.o)
 .text.strlen   0x00000000       0x60 c:/program files (x86)/gnu tools arm embedded/4.8 2014q3/bin/../lib/gcc/arm-none-eabi/4.8.4/../../../../arm-none-eabi/lib/armv7-m\libg.a(lib_a-strlen.o)
 .ARM.attributes
                0x00000000       0x2d c:/program files (x86)/gnu tools arm embedded/4.8 2014q3/bin/../lib/gcc/arm-none-eabi/4.8.4/../../../../arm-none-eabi/lib/armv7-m\libg.a(lib_a-strlen.o)
 .debug_frame   0x00000000       0x20 c:/program files (x86)/gnu tools arm embedded/4.8 2014q3/bin/../lib/gcc/arm-none-eabi/4.8.4/../../../../arm-none-eabi/lib/armv7-m\libg.a(lib_a-strlen.o)

Memory Configuration

Name             Origin             Length             Attributes
rom              0x08000000         0x00010000         xr
ram              0x20000000         0x00005000         xrw
*default*        0x00000000         0xffffffff

Linker script and memory map

                0x20005000                _eram = 0x20005000

.text           0x08000000     0x4278
 *(.isr_vector)
 .isr_vector    0x08000000      0x10c ..\obj\startup_stm32f10x_md.o
                0x08000000                g_pfnVectors
 *(.text*)
 .text.SH_SendChar
                0x0800010c       0x64 ..\obj\semihosting.o
                0x0800010c                SH_SendChar
 .text.TIM_TimeBaseInit
                0x08000170       0xf8 ..\obj\stm32f10x_tim.o
                0x08000170                TIM_TimeBaseInit
 .text.TIM_Cmd  0x08000268       0x40 ..\obj\stm32f10x_tim.o
                0x08000268                TIM_Cmd
 .text.TIM_ITConfig
                0x080002a8       0x48 ..\obj\stm32f10x_tim.o
                0x080002a8                TIM_ITConfig
 .text.TIM_GetITStatus
                0x080002f0       0x54 ..\obj\stm32f10x_tim.o
                0x080002f0                TIM_GetITStatus
 .text.TIM_ClearITPendingBit
                0x08000344       0x20 ..\obj\stm32f10x_tim.o
                0x08000344                TIM_ClearITPendingBit
 .text.InitializeTimer
                0x08000364       0x78 ..\obj\timer.o
                0x08000364                InitializeTimer
 .text.EnableTimerInterrupt
                0x080003dc       0x24 ..\obj\timer.o
                0x080003dc                EnableTimerInterrupt
 .text.TIM2_IRQHandler
                0x08000400       0xe8 ..\obj\timer.o
                0x08000400                TIM2_IRQHandler
 .text.I2C_Master_BufferRead
                0x080004e8      0x568 ..\obj\i2c_dma.o
                0x080004e8                I2C_Master_BufferRead
 .text.I2C_Master_BufferWrite
                0x08000a50      0x2e8 ..\obj\i2c_dma.o
                0x08000a50                I2C_Master_BufferWrite
 .text.I2C_LowLevel_Init
                0x08000d38      0x1ec ..\obj\i2c_dma.o
                0x08000d38                I2C_LowLevel_Init
 .text.I2C_DMAConfig
                0x08000f24       0xec ..\obj\i2c_dma.o
                0x08000f24                I2C_DMAConfig
 .text.SystemInit
                0x08001010       0x68 ..\obj\system_stm32f10x.o
                0x08001010                SystemInit
 .text.SetSysClock
                0x08001078        0xc ..\obj\system_stm32f10x.o
 .text.SetSysClockTo72
                0x08001084      0x100 ..\obj\system_stm32f10x.o
 .text.bmp180_check_presence
                0x08001184       0x4c ..\obj\bmp180.o
                0x08001184                bmp180_check_presence
 .text.Default_Reset_Handler
                0x080011d0       0x60 ..\obj\startup_stm32f10x_md.o
                0x080011d0                Default_Reset_Handler
                0x080011d0                Reset_Handler
 .text.Default_Handler
                0x08001230        0x8 ..\obj\startup_stm32f10x_md.o
                0x08001230                EXTI2_IRQHandler
                0x08001230                DebugMon_Handler
                0x08001230                TIM1_CC_IRQHandler
                0x08001230                PVD_IRQHandler
                0x08001230                PendSV_Handler
                0x08001230                NMI_Handler
                0x08001230                EXTI3_IRQHandler
                0x08001230                I2C2_EV_IRQHandler
                0x08001230                UsageFault_Handler
                0x08001230                ADC1_2_IRQHandler
                0x08001230                SPI1_IRQHandler
                0x08001230                TAMPER_IRQHandler
                0x08001230                DMA1_Channel4_IRQHandler
                0x08001230                USART3_IRQHandler
                0x08001230                RTC_IRQHandler
                0x08001230                DMA1_Channel7_IRQHandler
                0x08001230                CAN1_RX1_IRQHandler
                0x08001230                TIM4_IRQHandler
                0x08001230                I2C1_EV_IRQHandler
                0x08001230                DMA1_Channel6_IRQHandler
                0x08001230                TIM3_IRQHandler
                0x08001230                RCC_IRQHandler
                0x08001230                TIM1_TRG_COM_IRQHandler
                0x08001230                DMA1_Channel1_IRQHandler
                0x08001230                EXTI15_10_IRQHandler
                0x08001230                SPI2_IRQHandler
                0x08001230                MemManage_Handler
                0x08001230                SVC_Handler
                0x08001230                DMA1_Channel5_IRQHandler
                0x08001230                EXTI4_IRQHandler
                0x08001230                USB_LP_CAN1_RX0_IRQHandler
                0x08001230                USB_HP_CAN1_TX_IRQHandler
                0x08001230                DMA1_Channel3_IRQHandler
                0x08001230                TIM1_UP_IRQHandler
                0x08001230                WWDG_IRQHandler
                0x08001230                TIM1_BRK_IRQHandler
                0x08001230                EXTI1_IRQHandler
                0x08001230                RTCAlarm_IRQHandler
                0x08001230                USART2_IRQHandler
                0x08001230                I2C2_ER_IRQHandler
                0x08001230                DMA1_Channel2_IRQHandler
                0x08001230                CAN1_SCE_IRQHandler
                0x08001230                FLASH_IRQHandler
                0x08001230                BusFault_Handler
                0x08001230                I2C1_ER_IRQHandler
                0x08001230                USBWakeUp_IRQHandler
 .text.GPIO_Init
                0x08001238      0x178 ..\obj\stm32f10x_gpio.o
                0x08001238                GPIO_Init
 .text.GPIO_StructInit
                0x080013b0       0x28 ..\obj\stm32f10x_gpio.o
                0x080013b0                GPIO_StructInit
 .text.GPIO_ReadInputDataBit
                0x080013d8       0x34 ..\obj\stm32f10x_gpio.o
                0x080013d8                GPIO_ReadInputDataBit
 .text.GPIO_WriteBit
                0x0800140c       0x30 ..\obj\stm32f10x_gpio.o
                0x0800140c                GPIO_WriteBit
 .text.GPIO_EXTILineConfig
                0x0800143c       0x7c ..\obj\stm32f10x_gpio.o
                0x0800143c                GPIO_EXTILineConfig
 .text.NVIC_SetPriority
                0x080014b8       0x54 ..\obj\main.o
 .text.SysTick_Config
                0x0800150c       0x44 ..\obj\main.o
 .text.Configure_HSI_Clock
                0x08001550       0x54 ..\obj\main.o
                0x08001550                Configure_HSI_Clock
 .text.main     0x080015a4       0xe0 ..\obj\main.o
                0x080015a4                main
 .text.delay_decrement
                0x08001684       0x1c ..\obj\utils.o
                0x08001684                delay_decrement
 .text.PrintChar
                0x080016a0       0x18 ..\obj\printf.o
                0x080016a0                PrintChar
 .text.PutChar  0x080016b8       0x20 ..\obj\printf.o
                0x080016b8                PutChar
 .text.PutString
                0x080016d8       0x3c ..\obj\printf.o
                0x080016d8                PutString
 .text.PutUnsignedInt
                0x08001714       0xa0 ..\obj\printf.o
                0x08001714                PutUnsignedInt
 .text.PutSignedInt
                0x080017b4       0xfc ..\obj\printf.o
                0x080017b4                PutSignedInt
 .text.PutHexa  0x080018b0       0xd4 ..\obj\printf.o
                0x080018b0                PutHexa
 .text.vsnprintf
                0x08001984      0x254 ..\obj\printf.o
                0x08001984                vsnprintf
 .text.vsprintf
                0x08001bd8       0x24 ..\obj\printf.o
                0x08001bd8                vsprintf
 .text.vfprintf
                0x08001bfc       0x68 ..\obj\printf.o
                0x08001bfc                vfprintf
 .text.vprintf  0x08001c64       0x28 ..\obj\printf.o
                0x08001c64                vprintf
 .text.printf   0x08001c8c       0x28 ..\obj\printf.o
                0x08001c8c                printf
 .text.fputc    0x08001cb4       0x40 ..\obj\printf.o
                0x08001cb4                fputc
 .text.fputs    0x08001cf4       0x48 ..\obj\printf.o
                0x08001cf4                fputs
 .text.RCC_HSEConfig
                0x08001d3c       0x5c ..\obj\stm32f10x_rcc.o
                0x08001d3c                RCC_HSEConfig
 .text.RCC_HSICmd
                0x08001d98       0x20 ..\obj\stm32f10x_rcc.o
                0x08001d98                RCC_HSICmd
 .text.RCC_PLLConfig
                0x08001db8       0x3c ..\obj\stm32f10x_rcc.o
                0x08001db8                RCC_PLLConfig
 .text.RCC_PLLCmd
                0x08001df4       0x20 ..\obj\stm32f10x_rcc.o
                0x08001df4                RCC_PLLCmd
 .text.RCC_SYSCLKConfig
                0x08001e14       0x38 ..\obj\stm32f10x_rcc.o
                0x08001e14                RCC_SYSCLKConfig
 .text.RCC_HCLKConfig
                0x08001e4c       0x38 ..\obj\stm32f10x_rcc.o
                0x08001e4c                RCC_HCLKConfig
 .text.RCC_PCLK1Config
                0x08001e84       0x38 ..\obj\stm32f10x_rcc.o
                0x08001e84                RCC_PCLK1Config
 .text.RCC_PCLK2Config
                0x08001ebc       0x38 ..\obj\stm32f10x_rcc.o
                0x08001ebc                RCC_PCLK2Config
 .text.RCC_ADCCLKConfig
                0x08001ef4       0x38 ..\obj\stm32f10x_rcc.o
                0x08001ef4                RCC_ADCCLKConfig
 .text.RCC_GetClocksFreq
                0x08001f2c      0x164 ..\obj\stm32f10x_rcc.o
                0x08001f2c                RCC_GetClocksFreq
 .text.RCC_AHBPeriphClockCmd
                0x08002090       0x3c ..\obj\stm32f10x_rcc.o
                0x08002090                RCC_AHBPeriphClockCmd
 .text.RCC_APB2PeriphClockCmd
                0x080020cc       0x3c ..\obj\stm32f10x_rcc.o
                0x080020cc                RCC_APB2PeriphClockCmd
 .text.RCC_APB1PeriphClockCmd
                0x08002108       0x3c ..\obj\stm32f10x_rcc.o
                0x08002108                RCC_APB1PeriphClockCmd
 .text.RCC_APB1PeriphResetCmd
                0x08002144       0x3c ..\obj\stm32f10x_rcc.o
                0x08002144                RCC_APB1PeriphResetCmd
 .text.RCC_GetFlagStatus
                0x08002180       0x74 ..\obj\stm32f10x_rcc.o
                0x08002180                RCC_GetFlagStatus
 .text.EXTI_Init
                0x080021f4       0xdc ..\obj\stm32f10x_exti.o
                0x080021f4                EXTI_Init
 .text.EXTI_GetITStatus
                0x080022d0       0x48 ..\obj\stm32f10x_exti.o
                0x080022d0                EXTI_GetITStatus
 .text.EXTI_ClearITPendingBit
                0x08002318       0x1c ..\obj\stm32f10x_exti.o
                0x08002318                EXTI_ClearITPendingBit
 .text.ADC_Init
                0x08002334       0xa4 ..\obj\stm32f10x_adc.o
                0x08002334                ADC_Init
 .text.ADC_Cmd  0x080023d8       0x38 ..\obj\stm32f10x_adc.o
                0x080023d8                ADC_Cmd
 .text.ADC_DMACmd
                0x08002410       0x38 ..\obj\stm32f10x_adc.o
                0x08002410                ADC_DMACmd
 .text.ADC_ResetCalibration
                0x08002448       0x20 ..\obj\stm32f10x_adc.o
                0x08002448                ADC_ResetCalibration
 .text.ADC_GetResetCalibrationStatus
                0x08002468       0x30 ..\obj\stm32f10x_adc.o
                0x08002468                ADC_GetResetCalibrationStatus
 .text.ADC_StartCalibration
                0x08002498       0x20 ..\obj\stm32f10x_adc.o
                0x08002498                ADC_StartCalibration
 .text.ADC_GetCalibrationStatus
                0x080024b8       0x30 ..\obj\stm32f10x_adc.o
                0x080024b8                ADC_GetCalibrationStatus
 .text.ADC_SoftwareStartConvCmd
                0x080024e8       0x38 ..\obj\stm32f10x_adc.o
                0x080024e8                ADC_SoftwareStartConvCmd
 .text.ADC_RegularChannelConfig
                0x08002520      0x188 ..\obj\stm32f10x_adc.o
                0x08002520                ADC_RegularChannelConfig
 .text.ADC_GetConversionValue
                0x080026a8       0x1c ..\obj\stm32f10x_adc.o
                0x080026a8                ADC_GetConversionValue
 .text.ADC_GetFlagStatus
                0x080026c4       0x34 ..\obj\stm32f10x_adc.o
                0x080026c4                ADC_GetFlagStatus
 .text.NVIC_EnableIRQ
                0x080026f8       0x30 ..\obj\sim900a.o
 .text.SIM900A_init
                0x08002728       0xac ..\obj\sim900a.o
                0x08002728                SIM900A_init
 .text.USART1_IRQHandler
                0x080027d4       0x78 ..\obj\sim900a.o
                0x080027d4                USART1_IRQHandler
 .text.initDeteksiSIM800L
                0x0800284c       0x60 ..\obj\sim900a.o
                0x0800284c                initDeteksiSIM800L
 .text.turnOffSIM800L
                0x080028ac       0x6c ..\obj\sim900a.o
                0x080028ac                turnOffSIM800L
 .text.USART_Init
                0x08002918      0x174 ..\obj\stm32f10x_usart.o
                0x08002918                USART_Init
 .text.USART_Cmd
                0x08002a8c       0x40 ..\obj\stm32f10x_usart.o
                0x08002a8c                USART_Cmd
 .text.USART_ITConfig
                0x08002acc       0x90 ..\obj\stm32f10x_usart.o
                0x08002acc                USART_ITConfig
 .text.USART_ClearFlag
                0x08002b5c       0x20 ..\obj\stm32f10x_usart.o
                0x08002b5c                USART_ClearFlag
 .text.USART_GetITStatus
                0x08002b7c       0xb0 ..\obj\stm32f10x_usart.o
                0x08002b7c                USART_GetITStatus
 .text.USART_ClearITPendingBit
                0x08002c2c       0x38 ..\obj\stm32f10x_usart.o
                0x08002c2c                USART_ClearITPendingBit
 .text          0x08002c64       0x30 ..\obj\sh_cmd.o
                0x08002c64                SH_DoCommand
                0x08002c7a                HardFault_Handler
 .text.GPIO_Init_A
                0x08002c94       0x38 ..\obj\exti.o
                0x08002c94                GPIO_Init_A
 .text.initExti
                0x08002ccc       0x54 ..\obj\exti.o
                0x08002ccc                initExti
 .text.EXTI0_IRQHandler
                0x08002d20       0x1c ..\obj\exti.o
                0x08002d20                EXTI0_IRQHandler
 .text.FLASH_SetLatency
                0x08002d3c       0x38 ..\obj\stm32f10x_flash.o
                0x08002d3c                FLASH_SetLatency
 .text.ADCInit  0x08002d74       0xec ..\obj\adc.o
                0x08002d74                ADCInit
 .text.read_adc
                0x08002e60       0x50 ..\obj\adc.o
                0x08002e60                read_adc
 .text.DMA_DeInit
                0x08002eb0      0x178 ..\obj\stm32f10x_dma.o
                0x08002eb0                DMA_DeInit
 .text.DMA_Init
                0x08003028       0x7c ..\obj\stm32f10x_dma.o
                0x08003028                DMA_Init
 .text.DMA_Cmd  0x080030a4       0x38 ..\obj\stm32f10x_dma.o
                0x080030a4                DMA_Cmd
 .text.DMA_GetFlagStatus
                0x080030dc       0x54 ..\obj\stm32f10x_dma.o
                0x080030dc                DMA_GetFlagStatus
 .text.DMA_ClearFlag
                0x08003130       0x34 ..\obj\stm32f10x_dma.o
                0x08003130                DMA_ClearFlag
 .text.NVIC_SetPriority
                0x08003164       0x54 ..\obj\mytime.o
 .text.SysTick_Config
                0x080031b8       0x44 ..\obj\mytime.o
 .text.Init_Time
                0x080031fc       0x3c ..\obj\mytime.o
                0x080031fc                Init_Time
 .text.Micros   0x08003238       0x44 ..\obj\mytime.o
                0x08003238                Micros
 .text.SysTick_Handler
                0x0800327c       0x18 ..\obj\mytime.o
                0x0800327c                SysTick_Handler
 .text.NVIC_SetPriority
                0x08003294       0x54 ..\obj\dht22.o
 .text.NVIC_EncodePriority
                0x080032e8       0x68 ..\obj\dht22.o
 .text.DHT22_Init
                0x08003350       0x18 ..\obj\dht22.o
                0x08003350                DHT22_Init
 .text.DHT22_Config_CLK
                0x08003368       0x18 ..\obj\dht22.o
                0x08003368                DHT22_Config_CLK
 .text.DHT22_Config_GPIO_OUTPUT
                0x08003380       0x28 ..\obj\dht22.o
                0x08003380                DHT22_Config_GPIO_OUTPUT
 .text.DHT22_Config_EXTInterrupt_Enable
                0x080033a8       0x2c ..\obj\dht22.o
                0x080033a8                DHT22_Config_EXTInterrupt_Enable
 .text.DHT22_Config_NVIC
                0x080033d4       0x38 ..\obj\dht22.o
                0x080033d4                DHT22_Config_NVIC
 .text.EXTI9_5_IRQHandler
                0x0800340c       0x9c ..\obj\dht22.o
                0x0800340c                EXTI9_5_IRQHandler
 .text.NVIC_PriorityGroupConfig
                0x080034a8       0x24 ..\obj\misc.o
                0x080034a8                NVIC_PriorityGroupConfig
 .text.NVIC_Init
                0x080034cc       0xc0 ..\obj\misc.o
                0x080034cc                NVIC_Init
 .text.I2C_Init
                0x0800358c      0x184 ..\obj\stm32f10x_i2c.o
                0x0800358c                I2C_Init
 .text.I2C_GenerateSTOP
                0x08003710       0x40 ..\obj\stm32f10x_i2c.o
                0x08003710                I2C_GenerateSTOP
 .text          0x08003750      0x370 c:/program files (x86)/gnu tools arm embedded/4.8 2014q3/bin/../lib/gcc/arm-none-eabi/4.8.4/armv7-m\libgcc.a(_arm_addsubdf3.o)
                0x08003750                __aeabi_drsub
                0x08003758                __aeabi_dsub
                0x08003758                __subdf3
                0x0800375c                __aeabi_dadd
                0x0800375c                __adddf3
                0x080039d4                __floatunsidf
                0x080039d4                __aeabi_ui2d
                0x080039f4                __floatsidf
                0x080039f4                __aeabi_i2d
                0x08003a18                __aeabi_f2d
                0x08003a18                __extendsfdf2
                0x08003a54                __floatundidf
                0x08003a54                __aeabi_ul2d
                0x08003a64                __floatdidf
                0x08003a64                __aeabi_l2d
 .text          0x08003ac0      0x424 c:/program files (x86)/gnu tools arm embedded/4.8 2014q3/bin/../lib/gcc/arm-none-eabi/4.8.4/armv7-m\libgcc.a(_arm_muldivdf3.o)
                0x08003ac0                __aeabi_dmul
                0x08003ac0                __muldf3
                0x08003d14                __divdf3
                0x08003d14                __aeabi_ddiv
 .text          0x08003ee4       0x50 c:/program files (x86)/gnu tools arm embedded/4.8 2014q3/bin/../lib/gcc/arm-none-eabi/4.8.4/armv7-m\libgcc.a(_arm_fixdfsi.o)
                0x08003ee4                __aeabi_d2iz
                0x08003ee4                __fixdfsi
 *(.init)
 *(.fini)
 *crtbegin.o(.ctors)
 *crtbegin?.o(.ctors)
 *(EXCLUDE_FILE(*crtend.o *crtend?.o) .ctors)
 *(SORT(.ctors.*))
 *(.ctors)
 *crtbegin.o(.dtors)
 *crtbegin?.o(.dtors)
 *(EXCLUDE_FILE(*crtend.o *crtend?.o) .dtors)
 *(SORT(.dtors.*))
 *(.dtors)
 *(.rodata*)
 .rodata        0x08003f34        0xc ..\obj\timer.o
 .rodata        0x08003f40       0x44 ..\obj\main.o
 .rodata        0x08003f84       0x24 ..\obj\printf.o
 .rodata        0x08003fa8      0x2d0 ..\obj\sim900a.o
 *(.eh_fram e*)

.glue_7         0x08004278        0x0
 .glue_7        0x00000000        0x0 linker stubs

.glue_7t        0x08004278        0x0
 .glue_7t       0x00000000        0x0 linker stubs

.vfp11_veneer   0x08004278        0x0
 .vfp11_veneer  0x00000000        0x0 linker stubs

.v4_bx          0x08004278        0x0
 .v4_bx         0x00000000        0x0 linker stubs

.iplt           0x08004278        0x0
 .iplt          0x00000000        0x0 ..\obj\stm32f10x_rtc.o

.rel.dyn        0x08004278        0x0
 .rel.iplt      0x00000000        0x0 ..\obj\stm32f10x_rtc.o

.ARM.extab
 *(.ARM.extab* .gnu.linkonce.armextab.*)
                0x08004278                __exidx_start = .

.ARM.exidx
 *(.ARM.exidx* .gnu.linkonce.armexidx.*)
                0x08004278                __exidx_end = .
                0x08004278                __etext = .
                0x08004278                _sidata = __etext

.data           0x20000000      0x460 load address 0x08004278
                0x20000000                __data_start__ = .
                0x20000000                _sdata = __data_start__
 *(vtable)
 *(.data*)
 .data          0x20000000       0x14 ..\obj\system_stm32f10x.o
                0x20000000                SystemCoreClock
                0x20000004                AHBPrescTable
 .data          0x20000014        0x4 ..\obj\bmp180.o
                0x20000014                Buffer_Tx1
 .data          0x20000018      0x430 ..\obj\printf.o
                0x20000018                r
                0x20000440                _impure_ptr
 .data          0x20000448       0x14 ..\obj\stm32f10x_rcc.o
 .data          0x2000045c        0x1 ..\obj\mytime.o
                0x2000045c                freqMhz
                0x20000460                . = ALIGN (0x4)
 *fill*         0x2000045d        0x3 
                0x20000460                PROVIDE (__preinit_array_start, .)
 *(.preinit_array)
                0x20000460                PROVIDE (__preinit_array_end, .)
                0x20000460                . = ALIGN (0x4)
                0x20000460                PROVIDE (__init_array_start, .)
 *(SORT(.init_array.*))
 *(.init_array)
                0x20000460                PROVIDE (__init_array_end, .)
                0x20000460                . = ALIGN (0x4)
                0x20000460                PROVIDE (__fini_array_start, .)
 *(SORT(.fini_array.*))
 *(.fini_array)
                0x20000460                PROVIDE (__fini_array_end, .)
 *(.jcr*)
                0x20000460                . = ALIGN (0x4)
                0x20000460                __data_end__ = .
                0x20000460                _edata = __data_end__

.igot.plt       0x20000460        0x0 load address 0x080046d8
 .igot.plt      0x00000000        0x0 ..\obj\stm32f10x_rtc.o

.bss            0x20000460      0x138 load address 0x080046d8
                0x20000460                . = ALIGN (0x4)
                0x20000460                __bss_start__ = .
                0x20000460                _sbss = __bss_start__
 *(.bss*)
 .bss           0x20000460       0x14 ..\obj\semihosting.o
 .bss           0x20000474        0x4 ..\obj\i2c_dma.o
                0x20000474                I2CDirection
 .bss           0x20000478        0x4 ..\obj\utils.o
 .bss           0x2000047c        0x4 ..\obj\sim900a.o
                0x2000047c                index
 .bss           0x20000480        0x8 ..\obj\mytime.o
                0x20000480                millis
                0x20000484                micros
 .bss           0x20000488       0x18 ..\obj\dht22.o
                0x20000488                upTimeStart
                0x2000048c                upTimeEnd
                0x20000490                downTimeStart
                0x20000494                downTimeEnd
                0x20000498                currentBit
                0x2000049c                dhtTimeStamp
 *(COMMON)
 COMMON         0x200004a0        0x8 ..\obj\timer.o
                0x200004a0                menit
                0x200004a2                encoder
                0x200004a4                last_encoder
                0x200004a6                detik
                0x200004a7                speed
 COMMON         0x200004a8       0x38 ..\obj\i2c_dma.o
                0x200004a8                I2CDMA_InitStructure
                0x200004d4                Address
                0x200004d8                NumbOfBytes2
                0x200004dc                NumbOfBytes1
 COMMON         0x200004e0       0x16 ..\obj\bmp180.o
                0x200004e0                Buffer_Rx1
 *fill*         0x200004f6        0x2 
 COMMON         0x200004f8       0x58 ..\obj\main.o
                0x200004f8                udah
                0x200004fc                microseconds
                0x20000500                Current_DHT22_Reading
                0x20000510                received_string
 COMMON         0x20000550       0x48 ..\obj\dht22.o
                0x20000550                DHT22_Buffer16
                0x20000558                DHT22_Pin_GPIO_Config
                0x2000055c                humidTemp
                0x20000560                DHT22_Bit_Time
                0x20000590                DHT22_Buffer
                0x20000596                tempTemp
                0x20000598                . = ALIGN (0x4)
                0x20000598                __bss_end__ = .
                0x20000598                _ebss = __bss_end__

.heap           0x20000598        0x0
                0x20000598                __end__ = .
                0x20000598                _end = __end__
                0x20000598                end = __end__
 *(.heap*)
                0x20000598                __HeapLimit = .

.co_stack       0x20000598      0x400 load address 0x08004810
                0x20000598                . = ALIGN (0x8)
 *(.co_stack .co_stack.*)
 .co_stack      0x20000598      0x400 ..\obj\startup_stm32f10x_md.o
                0x20000598                pulStack
                0x20005000                __StackTop = (ORIGIN (ram) + 0x5000)
                0x20004c00                __StackLimit = (__StackTop - SIZEOF (.co_stack))
                0x20005000                PROVIDE (__stack, __StackTop)
                0x00000001                ASSERT ((__StackLimit >= __HeapLimit), region ram  overflowed with stack)
LOAD ..\obj\stm32f10x_rtc.o
LOAD ..\obj\semihosting.o
LOAD ..\obj\stm32f10x_tim.o
LOAD ..\obj\timer.o
LOAD ..\obj\i2c_dma.o
LOAD ..\obj\system_stm32f10x.o
LOAD ..\obj\bmp180.o
LOAD ..\obj\stm32f10x_pwr.o
LOAD ..\obj\startup_stm32f10x_md.o
LOAD ..\obj\stm32f10x_gpio.o
LOAD ..\obj\main.o
LOAD ..\obj\utils.o
LOAD ..\obj\printf.o
LOAD ..\obj\stm32f10x_rcc.o
LOAD ..\obj\stm32f10x_exti.o
LOAD ..\obj\stm32f10x_adc.o
LOAD ..\obj\sim900a.o
LOAD ..\obj\stm32f10x_usart.o
LOAD ..\obj\sh_cmd.o
LOAD ..\obj\syscalls.o
LOAD ..\obj\exti.o
LOAD ..\obj\stm32f10x_flash.o
LOAD ..\obj\adc.o
LOAD ..\obj\stm32f10x_dma.o
LOAD ..\obj\mytime.o
LOAD ..\obj\dht22.o
LOAD ..\obj\misc.o
LOAD ..\obj\stm32f10x_i2c.o
START GROUP
LOAD c:/program files (x86)/gnu tools arm embedded/4.8 2014q3/bin/../lib/gcc/arm-none-eabi/4.8.4/armv7-m\libgcc.a
LOAD c:/program files (x86)/gnu tools arm embedded/4.8 2014q3/bin/../lib/gcc/arm-none-eabi/4.8.4/../../../../arm-none-eabi/lib/armv7-m\libg.a
LOAD c:/program files (x86)/gnu tools arm embedded/4.8 2014q3/bin/../lib/gcc/arm-none-eabi/4.8.4/../../../../arm-none-eabi/lib/armv7-m\libc.a
END GROUP
OUTPUT(memce2-aws.elf elf32-littlearm)

.debug_info     0x00000000     0xc15d
 .debug_info    0x00000000      0x12b ..\obj\semihosting.o
 .debug_info    0x0000012b     0x1c58 ..\obj\stm32f10x_tim.o
 .debug_info    0x00001d83      0x636 ..\obj\timer.o
 .debug_info    0x000023b9      0x74d ..\obj\i2c_dma.o
 .debug_info    0x00002b06      0x479 ..\obj\system_stm32f10x.o
 .debug_info    0x00002f7f      0x4e9 ..\obj\bmp180.o
 .debug_info    0x00003468       0xe9 ..\obj\startup_stm32f10x_md.o
 .debug_info    0x00003551      0x6e7 ..\obj\stm32f10x_gpio.o
 .debug_info    0x00003c38      0xbe1 ..\obj\main.o
 .debug_info    0x00004819      0x60b ..\obj\utils.o
 .debug_info    0x00004e24      0xe45 ..\obj\printf.o
 .debug_info    0x00005c69      0x88d ..\obj\stm32f10x_rcc.o
 .debug_info    0x000064f6      0x341 ..\obj\stm32f10x_exti.o
 .debug_info    0x00006837      0xb74 ..\obj\stm32f10x_adc.o
 .debug_info    0x000073ab      0xc44 ..\obj\sim900a.o
 .debug_info    0x00007fef      0x9e8 ..\obj\stm32f10x_usart.o
 .debug_info    0x000089d7      0x106 ..\obj\sh_cmd.o
 .debug_info    0x00008add      0x4a9 ..\obj\exti.o
 .debug_info    0x00008f86      0x7b1 ..\obj\stm32f10x_flash.o
 .debug_info    0x00009737      0x405 ..\obj\adc.o
 .debug_info    0x00009b3c      0x473 ..\obj\stm32f10x_dma.o
 .debug_info    0x00009faf      0x657 ..\obj\mytime.o
 .debug_info    0x0000a606      0xb1a ..\obj\dht22.o
 .debug_info    0x0000b120      0x53d ..\obj\misc.o
 .debug_info    0x0000b65d      0xb00 ..\obj\stm32f10x_i2c.o

.debug_abbrev   0x00000000     0x25e1
 .debug_abbrev  0x00000000       0xab ..\obj\semihosting.o
 .debug_abbrev  0x000000ab      0x1b0 ..\obj\stm32f10x_tim.o
 .debug_abbrev  0x0000025b      0x168 ..\obj\timer.o
 .debug_abbrev  0x000003c3      0x1bc ..\obj\i2c_dma.o
 .debug_abbrev  0x0000057f      0x14c ..\obj\system_stm32f10x.o
 .debug_abbrev  0x000006cb      0x176 ..\obj\bmp180.o
 .debug_abbrev  0x00000841       0xa7 ..\obj\startup_stm32f10x_md.o
 .debug_abbrev  0x000008e8      0x1c8 ..\obj\stm32f10x_gpio.o
 .debug_abbrev  0x00000ab0      0x264 ..\obj\main.o
 .debug_abbrev  0x00000d14      0x148 ..\obj\utils.o
 .debug_abbrev  0x00000e5c      0x28f ..\obj\printf.o
 .debug_abbrev  0x000010eb      0x1ba ..\obj\stm32f10x_rcc.o
 .debug_abbrev  0x000012a5      0x151 ..\obj\stm32f10x_exti.o
 .debug_abbrev  0x000013f6      0x198 ..\obj\stm32f10x_adc.o
 .debug_abbrev  0x0000158e      0x2f5 ..\obj\sim900a.o
 .debug_abbrev  0x00001883      0x162 ..\obj\stm32f10x_usart.o
 .debug_abbrev  0x000019e5       0x14 ..\obj\sh_cmd.o
 .debug_abbrev  0x000019f9      0x123 ..\obj\exti.o
 .debug_abbrev  0x00001b1c      0x18b ..\obj\stm32f10x_flash.o
 .debug_abbrev  0x00001ca7      0x121 ..\obj\adc.o
 .debug_abbrev  0x00001dc8      0x155 ..\obj\stm32f10x_dma.o
 .debug_abbrev  0x00001f1d      0x1d8 ..\obj\mytime.o
 .debug_abbrev  0x000020f5      0x243 ..\obj\dht22.o
 .debug_abbrev  0x00002338      0x145 ..\obj\misc.o
 .debug_abbrev  0x0000247d      0x164 ..\obj\stm32f10x_i2c.o

.debug_aranges  0x00000000      0xe90
 .debug_aranges
                0x00000000       0x30 ..\obj\semihosting.o
 .debug_aranges
                0x00000030      0x2f0 ..\obj\stm32f10x_tim.o
 .debug_aranges
                0x00000320       0x38 ..\obj\timer.o
 .debug_aranges
                0x00000358       0x40 ..\obj\i2c_dma.o
 .debug_aranges
                0x00000398       0x38 ..\obj\system_stm32f10x.o
 .debug_aranges
                0x000003d0       0x58 ..\obj\bmp180.o
 .debug_aranges
                0x00000428       0x28 ..\obj\startup_stm32f10x_md.o
 .debug_aranges
                0x00000450       0xa8 ..\obj\stm32f10x_gpio.o
 .debug_aranges
                0x000004f8       0x48 ..\obj\main.o
 .debug_aranges
                0x00000540       0x60 ..\obj\utils.o
 .debug_aranges
                0x000005a0       0xa0 ..\obj\printf.o
 .debug_aranges
                0x00000640      0x118 ..\obj\stm32f10x_rcc.o
 .debug_aranges
                0x00000758       0x58 ..\obj\stm32f10x_exti.o
 .debug_aranges
                0x000007b0      0x138 ..\obj\stm32f10x_adc.o
 .debug_aranges
                0x000008e8       0x98 ..\obj\sim900a.o
 .debug_aranges
                0x00000980      0x100 ..\obj\stm32f10x_usart.o
 .debug_aranges
                0x00000a80       0x20 ..\obj\sh_cmd.o
 .debug_aranges
                0x00000aa0       0x30 ..\obj\exti.o
 .debug_aranges
                0x00000ad0       0xf8 ..\obj\stm32f10x_flash.o
 .debug_aranges
                0x00000bc8       0x28 ..\obj\adc.o
 .debug_aranges
                0x00000bf0       0x70 ..\obj\stm32f10x_dma.o
 .debug_aranges
                0x00000c60       0x48 ..\obj\mytime.o
 .debug_aranges
                0x00000ca8       0x88 ..\obj\dht22.o
 .debug_aranges
                0x00000d30       0x40 ..\obj\misc.o
 .debug_aranges
                0x00000d70      0x120 ..\obj\stm32f10x_i2c.o

.debug_ranges   0x00000000      0xcf0
 .debug_ranges  0x00000000       0x20 ..\obj\semihosting.o
 .debug_ranges  0x00000020      0x2e0 ..\obj\stm32f10x_tim.o
 .debug_ranges  0x00000300       0x28 ..\obj\timer.o
 .debug_ranges  0x00000328       0x30 ..\obj\i2c_dma.o
 .debug_ranges  0x00000358       0x28 ..\obj\system_stm32f10x.o
 .debug_ranges  0x00000380       0x48 ..\obj\bmp180.o
 .debug_ranges  0x000003c8       0x18 ..\obj\startup_stm32f10x_md.o
 .debug_ranges  0x000003e0       0x98 ..\obj\stm32f10x_gpio.o
 .debug_ranges  0x00000478       0x38 ..\obj\main.o
 .debug_ranges  0x000004b0       0x50 ..\obj\utils.o
 .debug_ranges  0x00000500       0x90 ..\obj\printf.o
 .debug_ranges  0x00000590      0x108 ..\obj\stm32f10x_rcc.o
 .debug_ranges  0x00000698       0x48 ..\obj\stm32f10x_exti.o
 .debug_ranges  0x000006e0      0x128 ..\obj\stm32f10x_adc.o
 .debug_ranges  0x00000808       0x88 ..\obj\sim900a.o
 .debug_ranges  0x00000890       0xf0 ..\obj\stm32f10x_usart.o
 .debug_ranges  0x00000980       0x20 ..\obj\exti.o
 .debug_ranges  0x000009a0       0xe8 ..\obj\stm32f10x_flash.o
 .debug_ranges  0x00000a88       0x18 ..\obj\adc.o
 .debug_ranges  0x00000aa0       0x60 ..\obj\stm32f10x_dma.o
 .debug_ranges  0x00000b00       0x38 ..\obj\mytime.o
 .debug_ranges  0x00000b38       0x78 ..\obj\dht22.o
 .debug_ranges  0x00000bb0       0x30 ..\obj\misc.o
 .debug_ranges  0x00000be0      0x110 ..\obj\stm32f10x_i2c.o

.debug_line     0x00000000     0x6aa3
 .debug_line    0x00000000       0xdd ..\obj\semihosting.o
 .debug_line    0x000000dd      0xb47 ..\obj\stm32f10x_tim.o
 .debug_line    0x00000c24      0x41a ..\obj\timer.o
 .debug_line    0x0000103e      0x5af ..\obj\i2c_dma.o
 .debug_line    0x000015ed      0x27a ..\obj\system_stm32f10x.o
 .debug_line    0x00001867      0x321 ..\obj\bmp180.o
 .debug_line    0x00001b88       0xd7 ..\obj\startup_stm32f10x_md.o
 .debug_line    0x00001c5f      0x47b ..\obj\stm32f10x_gpio.o
 .debug_line    0x000020da      0x5db ..\obj\main.o
 .debug_line    0x000026b5      0x3ae ..\obj\utils.o
 .debug_line    0x00002a63      0x3cb ..\obj\printf.o
 .debug_line    0x00002e2e      0x589 ..\obj\stm32f10x_rcc.o
 .debug_line    0x000033b7      0x371 ..\obj\stm32f10x_exti.o
 .debug_line    0x00003728      0x5ee ..\obj\stm32f10x_adc.o
 .debug_line    0x00003d16      0x79b ..\obj\sim900a.o
 .debug_line    0x000044b1      0x566 ..\obj\stm32f10x_usart.o
 .debug_line    0x00004a17       0xb4 ..\obj\sh_cmd.o
 .debug_line    0x00004acb      0x31c ..\obj\exti.o
 .debug_line    0x00004de7      0x5a6 ..\obj\stm32f10x_flash.o
 .debug_line    0x0000538d      0x314 ..\obj\adc.o
 .debug_line    0x000056a1      0x3d0 ..\obj\stm32f10x_dma.o
 .debug_line    0x00005a71      0x274 ..\obj\mytime.o
 .debug_line    0x00005ce5      0x50a ..\obj\dht22.o
 .debug_line    0x000061ef      0x311 ..\obj\misc.o
 .debug_line    0x00006500      0x5a3 ..\obj\stm32f10x_i2c.o

.debug_str      0x00000000     0x46f9
 .debug_str     0x00000000      0x183 ..\obj\semihosting.o
                                0x1bc (size before relaxing)
 .debug_str     0x00000183      0xc82 ..\obj\stm32f10x_tim.o
                                0xe1a (size before relaxing)
 .debug_str     0x00000e05      0x497 ..\obj\timer.o
                                0x7b7 (size before relaxing)
 .debug_str     0x0000129c      0x439 ..\obj\i2c_dma.o
                                0x63d (size before relaxing)
 .debug_str     0x000016d5      0x1a7 ..\obj\system_stm32f10x.o
                                0x32c (size before relaxing)
 .debug_str     0x0000187c      0x211 ..\obj\bmp180.o
                                0x480 (size before relaxing)
 .debug_str     0x00001a8d       0xe5 ..\obj\startup_stm32f10x_md.o
                                0x17c (size before relaxing)
 .debug_str     0x00001b72      0x296 ..\obj\stm32f10x_gpio.o
                                0x556 (size before relaxing)
 .debug_str     0x00001e08      0x1e2 ..\obj\main.o
                                0x929 (size before relaxing)
 .debug_str     0x00001fea       0xe7 ..\obj\utils.o
                                0x53d (size before relaxing)
 .debug_str     0x000020d1      0x4f4 ..\obj\printf.o
                                0x6d4 (size before relaxing)
 .debug_str     0x000025c5      0x41d ..\obj\stm32f10x_rcc.o
                                0x657 (size before relaxing)
 .debug_str     0x000029e2      0x207 ..\obj\stm32f10x_exti.o
                                0x386 (size before relaxing)
 .debug_str     0x00002be9      0x561 ..\obj\stm32f10x_adc.o
                                0x738 (size before relaxing)
 .debug_str     0x0000314a      0x2e7 ..\obj\sim900a.o
                                0xa3b (size before relaxing)
 .debug_str     0x00003431      0x3d0 ..\obj\stm32f10x_usart.o
                                0x6cd (size before relaxing)
 .debug_str     0x00003801       0xa5 ..\obj\exti.o
                                0x77a (size before relaxing)
 .debug_str     0x000038a6      0x423 ..\obj\stm32f10x_flash.o
                                0x625 (size before relaxing)
 .debug_str     0x00003cc9       0x9a ..\obj\adc.o
                                0x42a (size before relaxing)
 .debug_str     0x00003d63      0x174 ..\obj\stm32f10x_dma.o
                                0x3f4 (size before relaxing)
 .debug_str     0x00003ed7       0xba ..\obj\mytime.o
                                0x60c (size before relaxing)
 .debug_str     0x00003f91      0x2d7 ..\obj\dht22.o
                                0xabe (size before relaxing)
 .debug_str     0x00004268      0x129 ..\obj\misc.o
                                0x3fb (size before relaxing)
 .debug_str     0x00004391      0x368 ..\obj\stm32f10x_i2c.o
                                0x6a3 (size before relaxing)

.comment        0x00000000       0x70
 .comment       0x00000000       0x70 ..\obj\semihosting.o
                                 0x71 (size before relaxing)
 .comment       0x00000000       0x71 ..\obj\stm32f10x_tim.o
 .comment       0x00000000       0x71 ..\obj\timer.o
 .comment       0x00000000       0x71 ..\obj\i2c_dma.o
 .comment       0x00000000       0x71 ..\obj\system_stm32f10x.o
 .comment       0x00000000       0x71 ..\obj\bmp180.o
 .comment       0x00000000       0x71 ..\obj\startup_stm32f10x_md.o
 .comment       0x00000000       0x71 ..\obj\stm32f10x_gpio.o
 .comment       0x00000000       0x71 ..\obj\main.o
 .comment       0x00000000       0x71 ..\obj\utils.o
 .comment       0x00000000       0x71 ..\obj\printf.o
 .comment       0x00000000       0x71 ..\obj\stm32f10x_rcc.o
 .comment       0x00000000       0x71 ..\obj\stm32f10x_exti.o
 .comment       0x00000000       0x71 ..\obj\stm32f10x_adc.o
 .comment       0x00000000       0x71 ..\obj\sim900a.o
 .comment       0x00000000       0x71 ..\obj\stm32f10x_usart.o
 .comment       0x00000000       0x71 ..\obj\exti.o
 .comment       0x00000000       0x71 ..\obj\stm32f10x_flash.o
 .comment       0x00000000       0x71 ..\obj\adc.o
 .comment       0x00000000       0x71 ..\obj\stm32f10x_dma.o
 .comment       0x00000000       0x71 ..\obj\mytime.o
 .comment       0x00000000       0x71 ..\obj\dht22.o
 .comment       0x00000000       0x71 ..\obj\misc.o
 .comment       0x00000000       0x71 ..\obj\stm32f10x_i2c.o

.ARM.attributes
                0x00000000       0x31
 .ARM.attributes
                0x00000000       0x33 ..\obj\semihosting.o
 .ARM.attributes
                0x00000033       0x33 ..\obj\stm32f10x_tim.o
 .ARM.attributes
                0x00000066       0x33 ..\obj\timer.o
 .ARM.attributes
                0x00000099       0x33 ..\obj\i2c_dma.o
 .ARM.attributes
                0x000000cc       0x33 ..\obj\system_stm32f10x.o
 .ARM.attributes
                0x000000ff       0x33 ..\obj\bmp180.o
 .ARM.attributes
                0x00000132       0x33 ..\obj\startup_stm32f10x_md.o
 .ARM.attributes
                0x00000165       0x33 ..\obj\stm32f10x_gpio.o
 .ARM.attributes
                0x00000198       0x33 ..\obj\main.o
 .ARM.attributes
                0x000001cb       0x33 ..\obj\utils.o
 .ARM.attributes
                0x000001fe       0x33 ..\obj\printf.o
 .ARM.attributes
                0x00000231       0x33 ..\obj\stm32f10x_rcc.o
 .ARM.attributes
                0x00000264       0x33 ..\obj\stm32f10x_exti.o
 .ARM.attributes
                0x00000297       0x33 ..\obj\stm32f10x_adc.o
 .ARM.attributes
                0x000002ca       0x33 ..\obj\sim900a.o
 .ARM.attributes
                0x000002fd       0x33 ..\obj\stm32f10x_usart.o
 .ARM.attributes
                0x00000330       0x21 ..\obj\sh_cmd.o
 .ARM.attributes
                0x00000351       0x33 ..\obj\exti.o
 .ARM.attributes
                0x00000384       0x33 ..\obj\stm32f10x_flash.o
 .ARM.attributes
                0x000003b7       0x33 ..\obj\adc.o
 .ARM.attributes
                0x000003ea       0x33 ..\obj\stm32f10x_dma.o
 .ARM.attributes
                0x0000041d       0x33 ..\obj\mytime.o
 .ARM.attributes
                0x00000450       0x33 ..\obj\dht22.o
 .ARM.attributes
                0x00000483       0x33 ..\obj\misc.o
 .ARM.attributes
                0x000004b6       0x33 ..\obj\stm32f10x_i2c.o
 .ARM.attributes
                0x000004e9       0x1d c:/program files (x86)/gnu tools arm embedded/4.8 2014q3/bin/../lib/gcc/arm-none-eabi/4.8.4/armv7-m\libgcc.a(_arm_addsubdf3.o)
 .ARM.attributes
                0x00000506       0x1d c:/program files (x86)/gnu tools arm embedded/4.8 2014q3/bin/../lib/gcc/arm-none-eabi/4.8.4/armv7-m\libgcc.a(_arm_muldivdf3.o)
 .ARM.attributes
                0x00000523       0x1d c:/program files (x86)/gnu tools arm embedded/4.8 2014q3/bin/../lib/gcc/arm-none-eabi/4.8.4/armv7-m\libgcc.a(_arm_fixdfsi.o)

.debug_frame    0x00000000     0x2d7c
 .debug_frame   0x00000000       0x70 ..\obj\semihosting.o
 .debug_frame   0x00000070      0xa20 ..\obj\stm32f10x_tim.o
 .debug_frame   0x00000a90       0x8c ..\obj\timer.o
 .debug_frame   0x00000b1c       0xac ..\obj\i2c_dma.o
 .debug_frame   0x00000bc8       0x80 ..\obj\system_stm32f10x.o
 .debug_frame   0x00000c48      0x10c ..\obj\bmp180.o
 .debug_frame   0x00000d54       0x48 ..\obj\startup_stm32f10x_md.o
 .debug_frame   0x00000d9c      0x210 ..\obj\stm32f10x_gpio.o
 .debug_frame   0x00000fac       0xcc ..\obj\main.o
 .debug_frame   0x00001078      0x120 ..\obj\utils.o
 .debug_frame   0x00001198      0x248 ..\obj\printf.o
 .debug_frame   0x000013e0      0x388 ..\obj\stm32f10x_rcc.o
 .debug_frame   0x00001768       0xec ..\obj\stm32f10x_exti.o
 .debug_frame   0x00001854      0x400 ..\obj\stm32f10x_adc.o
 .debug_frame   0x00001c54      0x1fc ..\obj\sim900a.o
 .debug_frame   0x00001e50      0x344 ..\obj\stm32f10x_usart.o
 .debug_frame   0x00002194       0x6c ..\obj\exti.o
 .debug_frame   0x00002200      0x338 ..\obj\stm32f10x_flash.o
 .debug_frame   0x00002538       0x50 ..\obj\adc.o
 .debug_frame   0x00002588      0x144 ..\obj\stm32f10x_dma.o
 .debug_frame   0x000026cc       0xb8 ..\obj\mytime.o
 .debug_frame   0x00002784      0x1a8 ..\obj\dht22.o
 .debug_frame   0x0000292c       0x9c ..\obj\misc.o
 .debug_frame   0x000029c8      0x3b4 ..\obj\stm32f10x_i2c.o
